Microchip MPLAB XC8 Compiler V2.30

Linker command line:

-W-3 --edf=C:\Program Files\Microchip\xc8\v2.30\pic\dat\en_msgs.txt -cn \
  -h+dist/default/production\seqProg_16F887_V2.X.production.sym \
  --cmf=dist/default/production\seqProg_16F887_V2.X.production.cmf -z \
  -Q16F887 -oC:\Users\gustavo\AppData\Local\Temp\satsx2 \
  --defsym=__MPLAB_BUILD=1 \
  -Mdist/default/production/seqProg_16F887_V2.X.production.map -E1 \
  -ver=XC8 Compiler --acfsm=1493 -ASTACK=0110h-016Fh -pstack=STACK \
  -ACODE=00h-07FFhx4 -ASTRCODE=00h-01FFFh -ASTRING=00h-0FFhx32 \
  -ACONST=00h-0FFhx32 -AENTRY=00h-0FFhx32 -ACOMMON=070h-07Fh \
  -ABANK0=020h-06Fh -ABANK1=0A0h-0EFh -ABANK2=0110h-016Fh \
  -ABANK3=0190h-01EFh -ARAM=020h-06Fh,0A0h-0EFh,0110h-016Fh,0190h-01EFh \
  -AABS1=020h-07Fh,0A0h-0EFh,0110h-016Fh,0190h-01EFh -ASFR0=00h-01Fh \
  -ASFR1=080h-09Fh -ASFR2=0100h-010Fh -ASFR3=0180h-018Fh \
  -ACONFIG=02007h-02008h -DCONFIG=2 -AIDLOC=02000h-02003h -DIDLOC=2 \
  -AEEDATA=00h-0FFh/02100h -peeprom_data=EEDATA -DEEDATA=2 -DCODE=2 \
  -DSTRCODE=2 -DSTRING=2 -DCONST=2 -DENTRY=2 \
  -preset_vec=00h,intentry=04h,init,end_init -ppowerup=CODE -pcinit=CODE \
  -pfunctab=ENTRY -k C:\Users\gustavo\AppData\Local\Temp\satsxb.o \
  dist/default/production\seqProg_16F887_V2.X.production.o 

Object code version is 3.11

Machine type is 16F887



                Name                               Link     Load   Length Selector   Space Scale
C:\Users\gustavo\AppData\Local\Temp\satsxb.o
                end_init                              C        C        3        8       0
                reset_vec                             0        0        3        0       0
                config                             2007     2007        2        0       4
dist/default/production\seqProg_16F887_V2.X.production.o
                cinit                                 F        F       43        8       0
                functab                              52       52       18       A4       0
                intentry                              4        4        8        8       0
                maintext_split_5                     6A       6A      6B0       D4       0
                maintext_split_4                    C7E      C7E      191     18FC       0
                maintext_split_3                    B07      B07      177     160E       0
                maintext_split_2                    A01      A01      106     1402       0
                maintext_split_1                   14B9     14B9      105     2972       0
                config                             2007     2007        2        0       4
                text74                             1AFD     1AFD       2D     35FA       0
                text73                             191B     191B       1D     3236       0
                text72                             111D     111D       68     223A       0
                text71                             1AA7     1AA7       2B     354E       0
                text70                             186A     186A        A     30D4       0
                text69                             1835     1835        7     306A       0
                text68                             1874     1874        A     30E8       0
                text67                             18B4     18B4        C     3168       0
                text66                             1938     1938       1D     3270       0
                text65                             1DBF     1DBF       3D     3B7E       0
                text64                             1E3B     1E3B       45     3C76       0
                text63                             19B0     19B0       21     3360       0
                text62                             136F     136F       9D     26DE       0
                text61                             1EC6     1EC6       48     3D8C       0
                text60                             183C     183C        7     3078       0
                text59                             1000     1000        D     1C1E       0
                text58                             1E80     1E80       46     3D00       0
                text57                             1991     1991       1F     3322       0
                text56                             1A80     1A80       27     3500       0
                text55                             1B86     1B86       2F     370C       0
                text54                             1C45     1C45       31     388A       0
                text53                             126C     126C       7F     24D8       0
                text52                             1C76     1C76       31     38EC       0
                text51                             1D83     1D83       3C     3B06       0
                text50                             1843     1843        7     3086       0
                text49                             1BB5     1BB5       30     376A       0
                text48                             1DFC     1DFC       3F     3BF8       0
                text47                             140C     140C       AD     2818       0
                text46                             1185     1185       69     230A       0
                text45                             1A13     1A13       23     3426       0
                text44                             12EB     12EB       84     25D6       0
                text43                             1BE5     1BE5       30     37CA       0
                text42                             1888     1888        B     3110       0
                text41                             1AD2     1AD2       2B     35A4       0
                text40                             1C15     1C15       30     382A       0
                text39                             181C     181C        2     3038       0
                text38                             1CDA     1CDA       37     39B4       0
                text37                             11EE     11EE       7E     23DC       0
                text36                             1F5A     1F5A       4D     3EB4       0
                text35                             1893     1893        B     3126       0
                text34                             1827     1827        4     304E       0
                text33                             189E     189E        B     313C       0
                text32                             1B2A     1B2A       2E     3654       0
                text31                             1067     1067       5B     20CE       0
                text30                              E0F      E0F      1F1     1C1E       0
                text29                             181E     181E        2     303C       0
                text28                             1955     1955       1E     32AA       0
                text27                             184A     184A        7     3094       0
                text26                             1D11     1D11       37     3A22       0
                text25                             182B     182B        5     3056       0
                text24                             1FA7     1FA7       59     3F4E       0
                text23                              71A      71A       E5       D4       0
                text22                             1861     1861        9     30C2       0
                text21                             1820     1820        2     3040       0
                text20                             1904     1904       17     3208       0
                text19                             16DE     16DE      122     2DBC       0
                text18                             1824     1824        3     3048       0
                text17                              9FA      9FA        7     13F4       0
                text16                             1B58     1B58       2E     36B0       0
                text15                             100D     100D       5A     201A       0
                text14                             1973     1973       1E     32E6       0
                text13                             18F0     18F0       14     31E0       0
                text12                             19D1     19D1       21     33A2       0
                text11                             1CA7     1CA7       33     394E       0
                text10                             1A5A     1A5A       26     34B4       0
                text9                              1830     1830        5     3060       0
                text8                              1D48     1D48       3B     3A90       0
                text7                              18C0     18C0        C     3180       0
                text6                              10C2     10C2       5B     2184       0
                text5                              18A9     18A9        B     3152       0
                text4                              1F0E     1F0E       4C     3E1C       0
                text3                              19F2     19F2       21     33E4       0
                text2                              1851     1851        8     30A2       0
                text1                              18CC     18CC       11     3198       0
                maintext                           15BE     15BE      120     2B7C       0
                cstackBANK0                          20       20       28       20       1
                cstackCOMMON                         70       70        6       70       1
                cstackBANK1                          A0       A0       3E       A0       1
                clrtext                            1859     1859        8     30B2       0
                inittext                           18DD     18DD       13     31BA       0
                dataBANK3                           190      190       24      190       1
                dataBANK1                            DE       DE        A       A0       1
                bssBANK1                             E8       E8        2       A0       1
                dataBANK0                            66       66        2       20       1
                bssBANK0                             48       48       1E       20       1
                dataCOMMON                           7B       7B        1       70       1
                bssCOMMON                            76       76        5       70       1
                stringtext                          800      800      1FA       10       0
                strings                            1800     1800       12     3000       0
                idataBANK3                         1A36     1A36       24     346C       0
                idataBANK1                         187E     187E        A     30FC       0
                idataBANK0                         1822     1822        2     3044       0
                idataCOMMON                         7FF      7FF        1       D4       0

TOTAL           Name                               Link     Load   Length     Space
        CLASS   STACK          

        CLASS   CODE           
                end_init                              C        C        3         0
                cinit                                 F        F       43         0
                intentry                              4        4        8         0
                reset_vec                             0        0        3         0
                maintext_split_5                     6A       6A      6B0         0
                maintext_split_4                    C7E      C7E      191         0
                maintext_split_3                    B07      B07      177         0
                maintext_split_2                    A01      A01      106         0
                maintext_split_1                   14B9     14B9      105         0
                text74                             1AFD     1AFD       2D         0
                text73                             191B     191B       1D         0
                text72                             111D     111D       68         0
                text71                             1AA7     1AA7       2B         0
                text70                             186A     186A        A         0
                text69                             1835     1835        7         0
                text68                             1874     1874        A         0
                text67                             18B4     18B4        C         0
                text66                             1938     1938       1D         0
                text65                             1DBF     1DBF       3D         0
                text64                             1E3B     1E3B       45         0
                text63                             19B0     19B0       21         0
                text62                             136F     136F       9D         0
                text61                             1EC6     1EC6       48         0
                text60                             183C     183C        7         0
                text59                             1000     1000        D         0
                text58                             1E80     1E80       46         0
                text57                             1991     1991       1F         0
                text56                             1A80     1A80       27         0
                text55                             1B86     1B86       2F         0
                text54                             1C45     1C45       31         0
                text53                             126C     126C       7F         0
                text52                             1C76     1C76       31         0
                text51                             1D83     1D83       3C         0
                text50                             1843     1843        7         0
                text49                             1BB5     1BB5       30         0
                text48                             1DFC     1DFC       3F         0
                text47                             140C     140C       AD         0
                text46                             1185     1185       69         0
                text45                             1A13     1A13       23         0
                text44                             12EB     12EB       84         0
                text43                             1BE5     1BE5       30         0
                text42                             1888     1888        B         0
                text41                             1AD2     1AD2       2B         0
                text40                             1C15     1C15       30         0
                text39                             181C     181C        2         0
                text38                             1CDA     1CDA       37         0
                text37                             11EE     11EE       7E         0
                text36                             1F5A     1F5A       4D         0
                text35                             1893     1893        B         0
                text34                             1827     1827        4         0
                text33                             189E     189E        B         0
                text32                             1B2A     1B2A       2E         0
                text31                             1067     1067       5B         0
                text30                              E0F      E0F      1F1         0
                text29                             181E     181E        2         0
                text28                             1955     1955       1E         0
                text27                             184A     184A        7         0
                text26                             1D11     1D11       37         0
                text25                             182B     182B        5         0
                text24                             1FA7     1FA7       59         0
                text23                              71A      71A       E5         0
                text22                             1861     1861        9         0
                text21                             1820     1820        2         0
                text20                             1904     1904       17         0
                text19                             16DE     16DE      122         0
                text18                             1824     1824        3         0
                text17                              9FA      9FA        7         0
                text16                             1B58     1B58       2E         0
                text15                             100D     100D       5A         0
                text14                             1973     1973       1E         0
                text13                             18F0     18F0       14         0
                text12                             19D1     19D1       21         0
                text11                             1CA7     1CA7       33         0
                text10                             1A5A     1A5A       26         0
                text9                              1830     1830        5         0
                text8                              1D48     1D48       3B         0
                text7                              18C0     18C0        C         0
                text6                              10C2     10C2       5B         0
                text5                              18A9     18A9        B         0
                text4                              1F0E     1F0E       4C         0
                text3                              19F2     19F2       21         0
                text2                              1851     1851        8         0
                text1                              18CC     18CC       11         0
                maintext                           15BE     15BE      120         0
                clrtext                            1859     1859        8         0
                inittext                           18DD     18DD       13         0
                idataBANK3                         1A36     1A36       24         0
                idataBANK1                         187E     187E        A         0
                idataBANK0                         1822     1822        2         0
                idataCOMMON                         7FF      7FF        1         0

        CLASS   STRCODE        
                stringtext                          800      800      1FA         0

        CLASS   STRING         
                strings                            1800     1800       12         0

        CLASS   CONST          

        CLASS   ENTRY          
                functab                              52       52       18         0

        CLASS   COMMON         
                cstackCOMMON                         70       70        6         1
                dataCOMMON                           7B       7B        1         1
                bssCOMMON                            76       76        5         1

        CLASS   BANK0          
                cstackBANK0                          20       20       28         1
                dataBANK0                            66       66        2         1
                bssBANK0                             48       48       1E         1

        CLASS   BANK1          
                cstackBANK1                          A0       A0       3E         1
                dataBANK1                            DE       DE        A         1
                bssBANK1                             E8       E8        2         1

        CLASS   BANK2          

        CLASS   BANK3          
                dataBANK3                           190      190       24         1

        CLASS   RAM            

        CLASS   ABS1           
                abs_s1                               7E       7E        2         1

        CLASS   SFR0           

        CLASS   SFR1           

        CLASS   SFR2           

        CLASS   SFR3           

        CLASS   CONFIG         
                config                             2007     2007        2         4

        CLASS   IDLOC          

        CLASS   EEDATA         



SEGMENTS        Name                           Load    Length   Top    Selector   Space  Class     Delta

                reset_vec                      000000  000003  000003         0       0  CODE        2
                intentry                       000004  00004E  000052         8       0  CODE        2
                cstackBANK0                    000020  000048  000068        20       1  BANK0       1
                cstackCOMMON                   000070  00000C  00007C        70       1  COMMON      1
                cstackBANK1                    0000A0  00004A  0000EA        A0       1  BANK1       1
                functab                        000052  000018  00006A        A4       0  ENTRY       2
                maintext_split_5               00006A  000796  000800        D4       0  CODE        2
                dataBANK3                      000190  000024  0001B4       190       1  BANK3       1
                stringtext                     000800  0001FA  0009FA        10       0  STRCODE     2
                text17                         0009FA  000007  000A01      13F4       0  CODE        2
                maintext_split_2               000A01  000106  000B07      1402       0  CODE        2
                maintext_split_3               000B07  000177  000C7E      160E       0  CODE        2
                maintext_split_4               000C7E  000191  000E0F      18FC       0  CODE        2
                text30                         000E0F  0001FE  00100D      1C1E       0  CODE        2
                text15                         00100D  00005A  001067      201A       0  CODE        2
                text31                         001067  00005B  0010C2      20CE       0  CODE        2
                text6                          0010C2  00005B  00111D      2184       0  CODE        2
                text72                         00111D  000068  001185      223A       0  CODE        2
                text46                         001185  000069  0011EE      230A       0  CODE        2
                text37                         0011EE  00007E  00126C      23DC       0  CODE        2
                text53                         00126C  00007F  0012EB      24D8       0  CODE        2
                text44                         0012EB  000084  00136F      25D6       0  CODE        2
                text62                         00136F  00009D  00140C      26DE       0  CODE        2
                text47                         00140C  0000AD  0014B9      2818       0  CODE        2
                maintext_split_1               0014B9  000105  0015BE      2972       0  CODE        2
                maintext                       0015BE  000120  0016DE      2B7C       0  CODE        2
                text19                         0016DE  000122  001800      2DBC       0  CODE        2
                strings                        001800  000012  001812      3000       0  STRING      2
                text39                         00181C  000002  00181E      3038       0  CODE        2
                text29                         00181E  000002  001820      303C       0  CODE        2
                text21                         001820  000002  001822      3040       0  CODE        2
                idataBANK0                     001822  000002  001824      3044       0  CODE        2
                text18                         001824  000003  001827      3048       0  CODE        2
                text34                         001827  000004  00182B      304E       0  CODE        2
                text25                         00182B  000005  001830      3056       0  CODE        2
                text9                          001830  000005  001835      3060       0  CODE        2
                text69                         001835  000007  00183C      306A       0  CODE        2
                text60                         00183C  000007  001843      3078       0  CODE        2
                text50                         001843  000007  00184A      3086       0  CODE        2
                text27                         00184A  000007  001851      3094       0  CODE        2
                text2                          001851  000008  001859      30A2       0  CODE        2
                clrtext                        001859  000008  001861      30B2       0  CODE        2
                text22                         001861  000009  00186A      30C2       0  CODE        2
                text70                         00186A  00000A  001874      30D4       0  CODE        2
                text68                         001874  00000A  00187E      30E8       0  CODE        2
                idataBANK1                     00187E  00000A  001888      30FC       0  CODE        2
                text42                         001888  00000B  001893      3110       0  CODE        2
                text35                         001893  00000B  00189E      3126       0  CODE        2
                text33                         00189E  00000B  0018A9      313C       0  CODE        2
                text5                          0018A9  00000B  0018B4      3152       0  CODE        2
                text67                         0018B4  00000C  0018C0      3168       0  CODE        2
                text7                          0018C0  00000C  0018CC      3180       0  CODE        2
                text1                          0018CC  000011  0018DD      3198       0  CODE        2
                inittext                       0018DD  000013  0018F0      31BA       0  CODE        2
                text13                         0018F0  000014  001904      31E0       0  CODE        2
                text20                         001904  000017  00191B      3208       0  CODE        2
                text73                         00191B  00001D  001938      3236       0  CODE        2
                text66                         001938  00001D  001955      3270       0  CODE        2
                text28                         001955  00001E  001973      32AA       0  CODE        2
                text14                         001973  00001E  001991      32E6       0  CODE        2
                text57                         001991  00001F  0019B0      3322       0  CODE        2
                text63                         0019B0  000021  0019D1      3360       0  CODE        2
                text12                         0019D1  000021  0019F2      33A2       0  CODE        2
                text3                          0019F2  000021  001A13      33E4       0  CODE        2
                text45                         001A13  000023  001A36      3426       0  CODE        2
                idataBANK3                     001A36  000024  001A5A      346C       0  CODE        2
                text10                         001A5A  000026  001A80      34B4       0  CODE        2
                text56                         001A80  000027  001AA7      3500       0  CODE        2
                text71                         001AA7  00002B  001AD2      354E       0  CODE        2
                text41                         001AD2  00002B  001AFD      35A4       0  CODE        2
                text74                         001AFD  00002D  001B2A      35FA       0  CODE        2
                text32                         001B2A  00002E  001B58      3654       0  CODE        2
                text16                         001B58  00002E  001B86      36B0       0  CODE        2
                text55                         001B86  00002F  001BB5      370C       0  CODE        2
                text49                         001BB5  000030  001BE5      376A       0  CODE        2
                text43                         001BE5  000030  001C15      37CA       0  CODE        2
                text40                         001C15  000030  001C45      382A       0  CODE        2
                text54                         001C45  000031  001C76      388A       0  CODE        2
                text52                         001C76  000031  001CA7      38EC       0  CODE        2
                text11                         001CA7  000033  001CDA      394E       0  CODE        2
                text38                         001CDA  000037  001D11      39B4       0  CODE        2
                text26                         001D11  000037  001D48      3A22       0  CODE        2
                text8                          001D48  00003B  001D83      3A90       0  CODE        2
                text51                         001D83  00003C  001DBF      3B06       0  CODE        2
                text65                         001DBF  00003D  001DFC      3B7E       0  CODE        2
                text48                         001DFC  00003F  001E3B      3BF8       0  CODE        2
                text64                         001E3B  000045  001E80      3C76       0  CODE        2
                text58                         001E80  000046  001EC6      3D00       0  CODE        2
                text61                         001EC6  000048  001F0E      3D8C       0  CODE        2
                text4                          001F0E  00004C  001F5A      3E1C       0  CODE        2
                text36                         001F5A  00004D  001FA7      3EB4       0  CODE        2
                text24                         001FA7  000059  002000      3F4E       0  CODE        2


UNUSED ADDRESS RANGES

        Name                Unused          Largest block    Delta
        BANK0            000068-00006F                8           1
        BANK1            0000EA-0000EF                6           1
        BANK2            000110-00016F               60           1
        BANK3            0001B4-0001EF               3C           1
        CODE             000003-000003                1           2
                         001812-00181B                A
        COMMON           00007C-00007D                2           1
        CONST            000003-000003                1           2
                         001812-00181B                A
        EEDATA           002100-0021FF              100           2
        ENTRY            000003-000003                1           2
                         001812-00181B                A
        IDLOC            002000-002003                4           2
        RAM              000068-00006F                8           1
                         0000EA-0000EF                6
                         000110-00016F               60
                         0001B4-0001EF               3C
        SFR0             000000-00001F               20           1
        SFR1             000080-00009F               20           1
        SFR2             000100-00010F               10           1
        SFR3             000180-00018F               10           1
        STACK            000110-00016F               60           1
        STRCODE          000003-000003                1           2
                         001812-00181B                A
        STRING           000003-000003                1           2
                         001812-00181B                A

                                  Symbol Table

?___aldiv                       cstackBANK0      00002D
?___awdiv                       cstackBANK0      000020
?___awmod                       cstackBANK0      000020
?___lldiv                       cstackBANK0      000020
?___lmul                        cstackBANK0      000020
?___lwdiv                       cstackBANK0      000020
?___wmul                        cstackBANK0      000020
?_end_receita                   cstackBANK0      000020
?_getCiclos                     cstackBANK0      000020
?_getContCiclos                 cstackBANK0      000020
?_statusT1                      cstackBANK0      000020
EEPROM_write@addr               cstackBANK0      000021
EEPROM_write@data               cstackBANK0      000020
I2C_init@freq                   cstackBANK0      00002E
I2C_tx@b                        cstackBANK0      000020
MCP4725@Vout                    cstackBANK0      00003C
_ANSELH                         (abs)            000189
_ANSELbits                      (abs)            000188
_EEADR                          (abs)            00010D
_EEADRH                         (abs)            00010F
_EECON1bits                     (abs)            00018C
_EECON2                         (abs)            00018D
_EEDAT                          (abs)            00010C
_EEPROM                         dataBANK1        0000E3
_EEPROM_write                   text14           001973
_I2C_ack_receive                text69           001835
_I2C_init                       text71           001AA7
_I2C_start                      text68           001874
_I2C_stop                       text70           00186A
_I2C_tx                         text67           0018B4
_IHM                            dataBANK1        0000DE
_INTCONbits                     (abs)            00000B
_LCDbits                        (abs)            000006
_MCP4725                        text63           0019B0
_PIE1bits                       (abs)            00008C
_PIR1bits                       (abs)            00000C
_PORTAbits                      (abs)            000005
_PORTD                          (abs)            000008
_SERIALIO                       (abs)            000005
_SSPADD                         (abs)            000093
_SSPBUF                         (abs)            000013
_SSPCON2bits                    (abs)            000091
_SSPCONbits                     (abs)            000014
_SSPSTATbits                    (abs)            000094
_T1CONbits                      (abs)            000010
_TMR1H                          (abs)            00000F
_TMR1L                          (abs)            00000E
_TRISAbits                      (abs)            000085
_TRISBbits                      (abs)            000086
_TRISCbits                      (abs)            000087
_TRISD                          (abs)            000088
__Habs1                         abs1             0000D4
__Hbank0                        bank0            0000D4
__Hbank1                        bank1            0000D4
__Hbank2                        bank2            0000D4
__Hbank3                        bank3            0000D4
__HbssBANK0                     bssBANK0         0000D4
__HbssBANK1                     bssBANK1         0000D4
__HbssCOMMON                    bssCOMMON        0000D4
__Hcinit                        cinit            000052
__Hclrtext                      clrtext          0000D4
__Hcode                         code             0000D4
__Hcommon                       common           0000D4
__Hconfig                       config           002009
__HcstackBANK0                  cstackBANK0      0000D4
__HcstackBANK1                  cstackBANK1      0000D4
__HcstackCOMMON                 cstackCOMMON     0000D4
__HdataBANK0                    dataBANK0        0000D4
__HdataBANK1                    dataBANK1        0000D4
__HdataBANK3                    dataBANK3        0000D4
__HdataCOMMON                   dataCOMMON       0000D4
__Heeprom_data                  eeprom_data      000000
__Hend_init                     end_init         00000F
__Hfunctab                      functab          00006A
__HidataBANK0                   idataBANK0       0000D4
__HidataBANK1                   idataBANK1       0000D4
__HidataBANK3                   idataBANK3       0000D4
__HidataCOMMON                  idataCOMMON      0000D4
__Hinit                         init             00000C
__Hinittext                     inittext         0000D4
__Hintentry                     intentry         00000C
__Hmaintext                     maintext         0000D4
__Hmaintext_split_1             maintext_split_1 0000D4
__Hmaintext_split_2             maintext_split_2 0000D4
__Hmaintext_split_3             maintext_split_3 0000D4
__Hmaintext_split_4             maintext_split_4 0000D4
__Hmaintext_split_5             maintext_split_5 0000D4
__Hpowerup                      powerup          000000
__Hram                          ram              0000D4
__Hreset_vec                    reset_vec        000003
__Hsfr0                         sfr0             0000D4
__Hsfr1                         sfr1             0000D4
__Hsfr2                         sfr2             0000D4
__Hsfr3                         sfr3             0000D4
__Hspace_0                      (abs)            002000
__Hspace_1                      (abs)            0001B4
__Hspace_2                      (abs)            000000
__Hspace_3                      (abs)            000000
__Hspace_4                      (abs)            004010
__Hstack                        stack            000000
__Hstrings                      strings          0000D4
__Hstringtext                   stringtext       0000D4
__Htext                         text             0000D4
__Labs1                         abs1             0000D4
__Lbank0                        bank0            0000D4
__Lbank1                        bank1            0000D4
__Lbank2                        bank2            0000D4
__Lbank3                        bank3            0000D4
__LbssBANK0                     bssBANK0         0000D4
__LbssBANK1                     bssBANK1         0000D4
__LbssCOMMON                    bssCOMMON        0000D4
__Lcinit                        cinit            00000F
__Lclrtext                      clrtext          0000D4
__Lcode                         code             0000D4
__Lcommon                       common           0000D4
__Lconfig                       config           000000
__LcstackBANK0                  cstackBANK0      0000D4
__LcstackBANK1                  cstackBANK1      0000D4
__LcstackCOMMON                 cstackCOMMON     0000D4
__LdataBANK0                    dataBANK0        0000D4
__LdataBANK1                    dataBANK1        0000D4
__LdataBANK3                    dataBANK3        0000D4
__LdataCOMMON                   dataCOMMON       0000D4
__Leeprom_data                  eeprom_data      000000
__Lend_init                     end_init         00000C
__Lfunctab                      functab          000052
__LidataBANK0                   idataBANK0       0000D4
__LidataBANK1                   idataBANK1       0000D4
__LidataBANK3                   idataBANK3       0000D4
__LidataCOMMON                  idataCOMMON      0000D4
__Linit                         init             00000C
__Linittext                     inittext         0000D4
__Lintentry                     intentry         000004
__Lmaintext                     maintext         0000D4
__Lmaintext_split_1             maintext_split_1 0000D4
__Lmaintext_split_2             maintext_split_2 0000D4
__Lmaintext_split_3             maintext_split_3 0000D4
__Lmaintext_split_4             maintext_split_4 0000D4
__Lmaintext_split_5             maintext_split_5 0000D4
__Lpowerup                      powerup          000000
__Lram                          ram              0000D4
__Lreset_vec                    reset_vec        000000
__Lsfr0                         sfr0             0000D4
__Lsfr1                         sfr1             0000D4
__Lsfr2                         sfr2             0000D4
__Lsfr3                         sfr3             0000D4
__Lspace_0                      (abs)            000000
__Lspace_1                      (abs)            000000
__Lspace_2                      (abs)            000000
__Lspace_3                      (abs)            000000
__Lspace_4                      (abs)            000000
__Lstack                        stack            000000
__Lstrings                      strings          0000D4
__Lstringtext                   stringtext       0000D4
__Ltext                         text             0000D4
__S0                            (abs)            002000
__S1                            (abs)            0001B4
__S2                            (abs)            000000
__S3                            (abs)            000000
___aldiv                        text62           00136F
___aldiv@counter                cstackBANK0      000036
___aldiv@dividend               cstackBANK0      000031
___aldiv@divisor                cstackBANK0      00002D
___aldiv@quotient               cstackBANK0      000038
___aldiv@sign                   cstackBANK0      000037
___awdiv                        text46           001185
___awdiv@counter                cstackBANK0      000025
___awdiv@dividend               cstackBANK0      000022
___awdiv@divisor                cstackBANK0      000020
___awdiv@quotient               cstackBANK0      000027
___awdiv@sign                   cstackBANK0      000026
___awmod                        text31           001067
___awmod@counter                cstackBANK0      000025
___awmod@dividend               cstackBANK0      000022
___awmod@divisor                cstackBANK0      000020
___awmod@sign                   cstackBANK0      000026
___int_sp                       stack            000000
___latbits                      (abs)            000002
___lldiv                        text72           00111D
___lldiv@counter                cstackBANK0      00002D
___lldiv@dividend               cstackBANK0      000024
___lldiv@divisor                cstackBANK0      000020
___lldiv@quotient               cstackBANK0      000029
___lmul                         text61           001EC6
___lmul@multiplicand            cstackBANK0      000024
___lmul@multiplier              cstackBANK0      000020
___lmul@product                 cstackBANK0      000029
___lwdiv                        text58           001E80
___lwdiv@counter                cstackBANK0      000025
___lwdiv@dividend               cstackBANK0      000022
___lwdiv@divisor                cstackBANK0      000020
___lwdiv@quotient               cstackBANK0      000026
___sp                           stack            000000
___stackhi                      (abs)            000000
___stacklo                      (abs)            000000
___wmul                         text56           001A80
___wmul@multiplicand            cstackBANK0      000022
___wmul@multiplier              cstackBANK0      000020
___wmul@product                 cstackBANK0      000024
__end_of_EEPROM_write           text14           001991
__end_of_I2C_ack_receive        text69           00183C
__end_of_I2C_init               text71           001AD2
__end_of_I2C_start              text68           00187E
__end_of_I2C_stop               text70           001874
__end_of_I2C_tx                 text67           0018C0
__end_of_MCP4725                text63           0019D1
__end_of___aldiv                text62           00140C
__end_of___awdiv                text46           0011EE
__end_of___awmod                text31           0010C2
__end_of___lldiv                text72           001185
__end_of___lmul                 text61           001F0E
__end_of___lwdiv                text58           001EC6
__end_of___wmul                 text56           001AA7
__end_of__fptable               functab          00006A
__end_of__initialization        cinit            00004E
__end_of__stringtab             strings          001812
__end_of_addContCiclos          text60           001843
__end_of_addIndicePassos        text59           00100D
__end_of_alt_atuador            text38           001D11
__end_of_codifica               text47           0014B9
__end_of_dac_init               text65           001DFC
__end_of_dac_write              text64           001E80
__end_of_decodifica             text37           00126C
__end_of_delay                  text66           001955
__end_of_dignum_apagar          text57           0019B0
__end_of_dignum_conc            text55           001BB5
__end_of_dignum_tam             text45           001A36
__end_of_dispLCD                text51           001DBF
__end_of_dispLCD_clr            text50           00184A
__end_of_dispLCD_dataReg        text54           001C76
__end_of_dispLCD_init           text49           001BE5
__end_of_dispLCD_instReg        text53           0012EB
__end_of_dispLCD_lincol         text52           001CA7
__end_of_dispLCD_num            text23           0007FF
__end_of_dispLCD_str            text48           001E3B
__end_of_end_receita            text13           001904
__end_of_fifo_add               text43           001C15
__end_of_fifo_add_ciclo         text42           001893
__end_of_fifo_add_control       text41           001AFD
__end_of_fifo_add_tempo         text40           001C45
__end_of_fifo_adrs              text39           00181E
__end_of_fifo_alinharPrint      text44           00136F
__end_of_fifo_delete            text36           001FA7
__end_of_fifo_disponivel        text35           00189E
__end_of_fifo_indice            text34           00182B
__end_of_fifo_indicePrint_dec   text33           0018A9
__end_of_fifo_indicePrint_inc   text32           001B58
__end_of_fifo_lerPos            text22           00186A
__end_of_fifo_print             text30           001000
__end_of_fifo_tam               text29           001820
__end_of_getCiclos              text28           001973
__end_of_getContCiclos          text27           001851
__end_of_getIndicePassos        text21           001822
__end_of_initSerialIO           text26           001D48
__end_of_init_atuadores         text25           001830
__end_of_intt1_1ms              text74           001B2A
__end_of_irq                    text73           001938
__end_of_ler_atuador            text16           001B86
__end_of_ler_sensor             text24           002000
__end_of_main                   maintext_split_5 0006E7
__end_of_posAtual               text20           00191B
__end_of_printExec              text19           001800
__end_of_resetContCiclos        text18           001827
__end_of_resetIndicePassos      text17           000A01
__end_of_salva_atuadores_init   text15           001067
__end_of_salvar_dado            text12           0019F2
__end_of_salvar_receita         text11           001CDA
__end_of_serialIObyteShift      text10           001A80
__end_of_serialIOload           text9            001835
__end_of_serialIOscan           text8            001D83
__end_of_setT1                  text7            0018CC
__end_of_set_passo              text6            00111D
__end_of_statusT1               text5            0018B4
__end_of_teclado_borda          text3            001A13
__end_of_teclado_init           text2            001859
__end_of_teclado_scan           text4            001F5A
__end_of_timer1_init            text1            0018DD
__fptable                       functab          000052
__initialization                cinit            00000F
__pbssBANK0                     bssBANK0         000048
__pbssBANK1                     bssBANK1         0000E8
__pbssCOMMON                    bssCOMMON        000076
__pcstackBANK0                  cstackBANK0      000020
__pcstackBANK1                  cstackBANK1      0000A0
__pcstackCOMMON                 cstackCOMMON     000070
__pdataBANK0                    dataBANK0        000066
__pdataBANK1                    dataBANK1        0000DE
__pdataBANK3                    dataBANK3        000190
__pdataCOMMON                   dataCOMMON       00007B
__pfunctab                      functab          000052
__pidataBANK0                   idataBANK0       001822
__pidataBANK1                   idataBANK1       00187E
__pidataBANK3                   idataBANK3       001A36
__pidataCOMMON                  idataCOMMON      0007FF
__pintentry                     intentry         000004
__pmaintext                     maintext         0015BE
__pstrings                      strings          001800
__pstringtext                   stringtext       000800
__ptext1                        text1            0018CC
__ptext10                       text10           001A5A
__ptext11                       text11           001CA7
__ptext12                       text12           0019D1
__ptext13                       text13           0018F0
__ptext14                       text14           001973
__ptext15                       text15           00100D
__ptext16                       text16           001B58
__ptext17                       text17           0009FA
__ptext18                       text18           001824
__ptext19                       text19           0016DE
__ptext2                        text2            001851
__ptext20                       text20           001904
__ptext21                       text21           001820
__ptext22                       text22           001861
__ptext23                       text23           00071A
__ptext24                       text24           001FA7
__ptext25                       text25           00182B
__ptext26                       text26           001D11
__ptext27                       text27           00184A
__ptext28                       text28           001955
__ptext29                       text29           00181E
__ptext3                        text3            0019F2
__ptext30                       text30           000E0F
__ptext31                       text31           001067
__ptext32                       text32           001B2A
__ptext33                       text33           00189E
__ptext34                       text34           001827
__ptext35                       text35           001893
__ptext36                       text36           001F5A
__ptext37                       text37           0011EE
__ptext38                       text38           001CDA
__ptext39                       text39           00181C
__ptext4                        text4            001F0E
__ptext40                       text40           001C15
__ptext41                       text41           001AD2
__ptext42                       text42           001888
__ptext43                       text43           001BE5
__ptext44                       text44           0012EB
__ptext45                       text45           001A13
__ptext46                       text46           001185
__ptext47                       text47           00140C
__ptext48                       text48           001DFC
__ptext49                       text49           001BB5
__ptext5                        text5            0018A9
__ptext50                       text50           001843
__ptext51                       text51           001D83
__ptext52                       text52           001C76
__ptext53                       text53           00126C
__ptext54                       text54           001C45
__ptext55                       text55           001B86
__ptext56                       text56           001A80
__ptext57                       text57           001991
__ptext58                       text58           001E80
__ptext59                       text59           001000
__ptext6                        text6            0010C2
__ptext60                       text60           00183C
__ptext61                       text61           001EC6
__ptext62                       text62           00136F
__ptext63                       text63           0019B0
__ptext64                       text64           001E3B
__ptext65                       text65           001DBF
__ptext66                       text66           001938
__ptext67                       text67           0018B4
__ptext68                       text68           001874
__ptext69                       text69           001835
__ptext7                        text7            0018C0
__ptext70                       text70           00186A
__ptext71                       text71           001AA7
__ptext72                       text72           00111D
__ptext73                       text73           00191B
__ptext74                       text74           001AFD
__ptext8                        text8            001D48
__ptext9                        text9            001830
__size_of_EEPROM_write          (abs)            000000
__size_of_I2C_ack_receive       (abs)            000000
__size_of_I2C_init              (abs)            000000
__size_of_I2C_start             (abs)            000000
__size_of_I2C_stop              (abs)            000000
__size_of_I2C_tx                (abs)            000000
__size_of_MCP4725               (abs)            000000
__size_of___aldiv               (abs)            000000
__size_of___awdiv               (abs)            000000
__size_of___awmod               (abs)            000000
__size_of___lldiv               (abs)            000000
__size_of___lmul                (abs)            000000
__size_of___lwdiv               (abs)            000000
__size_of___wmul                (abs)            000000
__size_of__fptable              (abs)            000000
__size_of_addContCiclos         (abs)            000000
__size_of_addIndicePassos       (abs)            000000
__size_of_alt_atuador           (abs)            000000
__size_of_codifica              (abs)            000000
__size_of_dac_init              (abs)            000000
__size_of_dac_write             (abs)            000000
__size_of_decodifica            (abs)            000000
__size_of_delay                 (abs)            000000
__size_of_dignum_apagar         (abs)            000000
__size_of_dignum_conc           (abs)            000000
__size_of_dignum_tam            (abs)            000000
__size_of_dispLCD               (abs)            000000
__size_of_dispLCD_clr           (abs)            000000
__size_of_dispLCD_dataReg       (abs)            000000
__size_of_dispLCD_init          (abs)            000000
__size_of_dispLCD_instReg       (abs)            000000
__size_of_dispLCD_lincol        (abs)            000000
__size_of_dispLCD_num           (abs)            000000
__size_of_dispLCD_str           (abs)            000000
__size_of_end_receita           (abs)            000000
__size_of_fifo_add              (abs)            000000
__size_of_fifo_add_ciclo        (abs)            000000
__size_of_fifo_add_control      (abs)            000000
__size_of_fifo_add_tempo        (abs)            000000
__size_of_fifo_adrs             (abs)            000000
__size_of_fifo_alinharPrint     (abs)            000000
__size_of_fifo_delete           (abs)            000000
__size_of_fifo_disponivel       (abs)            000000
__size_of_fifo_indice           (abs)            000000
__size_of_fifo_indicePrint_dec  (abs)            000000
__size_of_fifo_indicePrint_inc  (abs)            000000
__size_of_fifo_lerPos           (abs)            000000
__size_of_fifo_print            (abs)            000000
__size_of_fifo_tam              (abs)            000000
__size_of_getCiclos             (abs)            000000
__size_of_getContCiclos         (abs)            000000
__size_of_getIndicePassos       (abs)            000000
__size_of_initSerialIO          (abs)            000000
__size_of_init_atuadores        (abs)            000000
__size_of_intt1_1ms             (abs)            000000
__size_of_irq                   (abs)            000000
__size_of_ler_atuador           (abs)            000000
__size_of_ler_sensor            (abs)            000000
__size_of_main                  (abs)            000000
__size_of_posAtual              (abs)            000000
__size_of_printExec             (abs)            000000
__size_of_resetContCiclos       (abs)            000000
__size_of_resetIndicePassos     (abs)            000000
__size_of_salva_atuadores_init  (abs)            000000
__size_of_salvar_dado           (abs)            000000
__size_of_salvar_receita        (abs)            000000
__size_of_serialIObyteShift     (abs)            000000
__size_of_serialIOload          (abs)            000000
__size_of_serialIOscan          (abs)            000000
__size_of_setT1                 (abs)            000000
__size_of_set_passo             (abs)            000000
__size_of_statusT1              (abs)            000000
__size_of_teclado_borda         (abs)            000000
__size_of_teclado_init          (abs)            000000
__size_of_teclado_scan          (abs)            000000
__size_of_timer1_init           (abs)            000000
__stringbase                    strings          001812
__stringtab                     strings          001800
_addContCiclos                  text60           00183C
_addIndicePassos                text59           001000
_alt_atuador                    text38           001CDA
_atuador                        bssCOMMON        00007A
_buscar_receita                 (abs)            000000
_codifica                       text47           00140C
_cont_ciclos                    bssCOMMON        000076
_dac_init                       text65           001DBF
_dac_write                      text64           001E3B
_decodifica                     text37           0011EE
_delay                          text66           001938
_deletar_receita                (abs)            000000
_dignum_apagar                  text57           001991
_dignum_conc                    text55           001B86
_dignum_tam                     text45           001A13
_dispLCD                        text51           001D83
_dispLCD_clr                    text50           001843
_dispLCD_dataReg                text54           001C45
_dispLCD_init                   text49           001BB5
_dispLCD_instReg                text53           00126C
_dispLCD_lincol                 text52           001C76
_dispLCD_num                    text23           00071A
_dispLCD_str                    text48           001DFC
_end_receita                    text13           0018F0
_fifo_add                       text43           001BE5
_fifo_add_ciclo                 text42           001888
_fifo_add_control               text41           001AD2
_fifo_add_tempo                 text40           001C15
_fifo_adrs                      text39           00181C
_fifo_alinharPrint              text44           0012EB
_fifo_delete                    text36           001F5A
_fifo_disponivel                text35           001893
_fifo_indice                    text34           001827
_fifo_indicePrint_dec           text33           00189E
_fifo_indicePrint_inc           text32           001B2A
_fifo_lerPos                    text22           001861
_fifo_print                     text30           000E0F
_fifo_print$392                 cstackBANK0      00002C
_fifo_tam                       text29           00181E
_fila                           bssBANK0         000054
_formatar_receitas              (abs)            000000
_getCiclos                      text28           001955
_getContCiclos                  text27           00184A
_getIndicePassos                text21           001820
_ind_fila                       dataBANK0        000067
_ind_print                      dataBANK0        000066
_indice_passos                  dataCOMMON       00007B
_initSerialIO                   text26           001D11
_init_atuadores                 text25           00182B
_intt1_1ms                      text74           001AFD
_irq                            text73           00191B
_lenSerialIO                    bssBANK0         000051
_ler_atuador                    text16           001B58
_ler_sensor                     text24           001FA7
_main                           maintext         0015BE
_main$893                       cstackBANK1      0000B6
_main$894                       cstackBANK1      0000B8
_main$895                       cstackBANK1      0000BA
_main$896                       cstackBANK1      0000BC
_main$897                       cstackBANK1      0000BE
_main$898                       cstackBANK1      0000C0
_main$899                       cstackBANK1      0000C2
_main$900                       cstackBANK1      0000C4
_main$905                       cstackBANK1      0000C6
_posAtual                       text20           001904
_printExec                      text19           0016DE
_printExec$417                  cstackBANK0      000040
_ptrSerialIn                    bssBANK0         000053
_ptrSerialOut                   bssBANK0         000052
_receita_livre                  (abs)            000000
_resetContCiclos                text18           001824
_resetIndicePassos              text17           0009FA
_salva_atuadores_init           text15           00100D
_salvar_dado                    text12           0019D1
_salvar_receita                 text11           001CA7
_serialIObyteShift              text10           001A5A
_serialIOload                   text9            001830
_serialIOscan                   text8            001D48
_setT1                          text7            0018C0
_set_passo                      text6            0010C2
_statusT1                       text5            0018A9
_t1cont                         bssBANK0         000048
_teclaAnterior                  bssBANK0         000050
_teclado_borda                  text3            0019F2
_teclado_init                   text2            001851
_teclado_scan                   text4            001F0E
_teclas                         dataBANK3        0001A4
_timer1_init                    text1            0018CC
alt_atuador@tecla               cstackBANK0      000022
btemp                           (abs)            00007E
clear_ram0                      clrtext          001859
codifica@dado                   cstackBANK0      000020
codifica@tipo                   cstackBANK0      000024
dac_write@code                  cstackBANK0      000024
decodifica@d                    cstackBANK0      000022
delay@t                         cstackBANK0      000020
dignum_apagar@ptrNum            cstackBANK0      000028
dignum_conc@dig                 cstackBANK0      00002B
dignum_conc@ptrNum              cstackBANK0      000026
dignum_tam@num                  cstackBANK0      000029
dignum_tam@tam                  cstackBANK0      00002C
dispLCD@col                     cstackBANK0      000029
dispLCD@lin                     cstackBANK0      000028
dispLCD@pos                     cstackBANK0      00002D
dispLCD@str                     cstackBANK0      00002A
dispLCD_dataReg@d               cstackBANK0      000021
dispLCD_instReg@i               cstackBANK0      000022
dispLCD_lincol@aux              cstackBANK0      000027
dispLCD_lincol@col              cstackBANK0      000023
dispLCD_lincol@lin              cstackBANK0      000026
dispLCD_num@col                 cstackBANK0      00002E
dispLCD_num@div                 cstackBANK0      000037
dispLCD_num@lin                 cstackBANK0      00002D
dispLCD_num@num                 cstackBANK0      00002F
dispLCD_num@sinal               cstackBANK0      000036
dispLCD_num@size                cstackBANK0      000035
dispLCD_num@tam                 cstackBANK0      000031
dispLCD_str@c                   cstackBANK0      00002C
dispLCD_str@lin                 cstackBANK0      00002B
dispLCD_str@str                 cstackBANK0      000028
end_of_initialization           cinit            00004E
end_receita@x                   cstackBANK0      000020
entry__dispLCD_clr              functab          00005B
entry__dispLCD_init             functab          00005E
entry__dispLCD_num              functab          000064
fifo_add@passo                  cstackBANK0      000034
fifo_add_ciclo@ciclos           cstackBANK0      000020
fifo_add_control@c              cstackBANK0      000034
fifo_add_tempo@t                cstackBANK0      000034
fifo_alinharPrint@aux           cstackBANK0      000032
fifo_alinharPrint@cont          cstackBANK0      000030
fifo_alinharPrint@i             cstackBANK0      000031
fifo_lerPos@i                   cstackBANK0      000020
fifo_print@atraso               cstackBANK0      000031
fifo_print@comando              cstackBANK0      000032
fifo_print@completar            cstackBANK0      00002E
fifo_print@i                    cstackBANK0      000030
fifo_print@indPrint             cstackBANK0      00002F
fpbase                          functab          000057
fptable                         functab          000052
fptotal                         (abs)            00000C
getCiclos@aux                   cstackBANK0      000024
initSerialIO@length             cstackBANK0      000021
initSerialIO@ptrIn              cstackBANK0      000023
initSerialIO@ptrOut             cstackBANK0      000020
init_fetch0                     inittext         0018DD
init_ram0                       inittext         0018E1
interrupt_function              intentry         000004
intlevel0                       functab          000052
intlevel1                       functab          000052
intlevel2                       functab          000052
intlevel3                       functab          000052
intlevel4                       functab          000052
intlevel5                       functab          000052
ler_atuador@tecla               cstackBANK0      000022
ler_sensor@passo                cstackBANK0      000023
ler_sensor@ptr                  cstackBANK0      000020
main@F1509                      dataBANK3        000190
main@aux                        cstackBANK1      0000B5
main@auxPasso                   cstackBANK1      0000DC
main@botao                      cstackBANK1      0000D8
main@ciclos                     cstackBANK1      0000D4
main@contPassos                 cstackBANK1      0000B4
main@estado                     cstackBANK1      0000DB
main@i                          cstackBANK1      0000CB
main@i_876                      cstackBANK1      0000CD
main@i_882                      cstackBANK1      0000C9
main@i_927                      cstackBANK1      0000CF
main@i_930                      cstackBANK1      0000D1
main@init_cond                  cstackBANK1      0000C8
main@j                          cstackBANK1      0000CC
main@j_877                      cstackBANK1      0000CE
main@j_928                      cstackBANK1      0000D0
main@j_931                      cstackBANK1      0000D2
main@lema                       cstackBANK1      0000A0
main@meAtuadores                cstackBANK1      0000D6
main@num                        cstackBANK1      0000D9
main@ptr                        cstackBANK1      0000CA
main@tecla                      cstackBANK1      0000DD
main@vetorIn                    cstackBANK1      0000D3
main@vetorOut                   cstackBANK1      0000D7
pnum$maintext                   (abs)            000015
pnum$maintext_split_1           (abs)            000063
pnum$maintext_split_2           (abs)            000064
pnum$maintext_split_3           (abs)            000065
pnum$maintext_split_4           (abs)            000066
pnum$maintext_split_5           (abs)            000067
posAtual@ind                    cstackBANK0      000022
posAtual@passo                  cstackBANK0      000023
printExec@col                   cstackBANK0      000042
printExec@ind                   cstackBANK0      000039
printExec@passo                 cstackBANK0      000043
psplit$0                        (abs)            150063
psplit$1                        (abs)            630064
psplit$2                        (abs)            640065
psplit$3                        (abs)            650066
psplit$4                        (abs)            660067
reset_vec                       reset_vec        000000
salva_atuadores_init@condi_init cstackBANK0      000024
salva_atuadores_init@dado       cstackBANK0      000029
salva_atuadores_init@mask       cstackBANK0      00002A
salva_atuadores_init@pt         cstackBANK0      000028
salvar_dado@adrs                cstackBANK0      00002B
salvar_dado@aux                 cstackBANK0      00002C
salvar_dado@col                 cstackBANK0      000027
salvar_dado@data                cstackBANK0      000028
salvar_receita@adrs             cstackBANK0      000027
salvar_receita@aux              cstackBANK0      00002B
salvar_receita@data             cstackBANK0      000028
salvar_receita@i                cstackBANK0      00002D
saved_w                         (abs)            00007E
serialIObyteShift@dataBit       cstackBANK0      000023
serialIObyteShift@dataIn        cstackBANK0      000021
serialIObyteShift@dataOut       cstackBANK0      000022
serialIOscan@i                  cstackBANK0      000029
serialIOscan@j                  cstackBANK0      000028
setT1@c                         cstackBANK0      000026
set_passo@passo                 cstackBANK0      000023
set_passo@ptr                   cstackBANK0      000020
start                           init             00000C
start_initialization            cinit            00000F
teclado_borda@aux               cstackBANK0      000028
teclado_borda@tecla             cstackBANK0      000029
teclado_scan@c                  cstackBANK0      000026
teclado_scan@l                  cstackBANK0      000025
teclado_scan@tecla              cstackBANK0      000024
wtemp0                          (abs)            00007E


FUNCTION INFORMATION:

 *************** function _main *****************
 Defined at:
		line 68 in file "main.c"
 Parameters:    Size  Location     Type
		None
 Auto vars:     Size  Location     Type
  j               1   50[BANK1 ] unsigned char 
  j               1   48[BANK1 ] unsigned char 
  j               1   46[BANK1 ] unsigned char 
  j               1   44[BANK1 ] unsigned char 
  i               1   49[BANK1 ] unsigned char 
  i               1   47[BANK1 ] unsigned char 
  i               1   45[BANK1 ] unsigned char 
  i               1   43[BANK1 ] unsigned char 
  lema           20    0[BANK1 ] unsigned char [20]
  ptr             1   42[BANK1 ] PTR unsigned char 
		 -> main@lema(20), 
  i               1   41[BANK1 ] unsigned char 
  vetor_aux      16    0        unsigned char [16]
  num             2   57[BANK1 ] unsigned int 
  ciclos          2   52[BANK1 ] unsigned int 
  pt              2    0        PTR unsigned char 
  tecla           1   61[BANK1 ] unsigned char 
  auxPasso        1   60[BANK1 ] unsigned char 
  estado          1   59[BANK1 ] unsigned char 
  botao           1   56[BANK1 ] unsigned char 
  vetorOut        1   55[BANK1 ] unsigned char [1]
  meAtuadores     1   54[BANK1 ] unsigned char 
  vetorIn         1   51[BANK1 ] unsigned char [1]
  init_cond       1   40[BANK1 ] unsigned char 
  aux             1   21[BANK1 ] unsigned char 
  contPassos      1   20[BANK1 ] unsigned char 
  atuador         1    0        unsigned char 
 Return value:  Size  Location     Type
                  1    wreg      void 
 Registers used:
		wreg, fsr0l, fsr0h, status,2, status,0, btemp+1, pclath, cstack
 Tracked objects:
		On entry : 
		On exit  : 
		Unchanged: 
 Data sizes:     COMMON   BANK0   BANK1   BANK3   BANK2
      Params:         0       0       0       0       0
      Locals:         0       0      62       0       0
      Temps:          0       4       0       0       0
      Totals:         0       4      62       0       0
Total ram usage:       66 bytes
 Hardware stack levels required when called:    6
 This function calls:
		_I2C_init
		_MCP4725
		___aldiv
		___awmod
		___lmul
		___wmul
		_addContCiclos
		_addIndicePassos
		_alt_atuador
		_decodifica
		_delay
		_dignum_apagar
		_dignum_conc
		_dispLCD
		_dispLCD_clr
		_dispLCD_dataReg
		_dispLCD_init
		_dispLCD_lincol
		_dispLCD_num
		_dispLCD_str
		_fifo_add
		_fifo_add_ciclo
		_fifo_add_control
		_fifo_add_tempo
		_fifo_adrs
		_fifo_delete
		_fifo_disponivel
		_fifo_indice
		_fifo_indicePrint_dec
		_fifo_indicePrint_inc
		_fifo_lerPos
		_fifo_print
		_fifo_tam
		_getCiclos
		_getContCiclos
		_getIndicePassos
		_initSerialIO
		_init_atuadores
		_ler_atuador
		_ler_sensor
		_printExec
		_resetContCiclos
		_resetIndicePassos
		_salva_atuadores_init
		_salvar_dado
		_salvar_receita
		_serialIOscan
		_setT1
		_set_passo
		_statusT1
		_teclado_borda
		_teclado_init
		_timer1_init
 This function is called by:
		Startup code after reset
 This function uses a non-reentrant model


 *************** function _timer1_init *****************
 Defined at:
		line 16 in file "timer1.c"
 Parameters:    Size  Location     Type
		None
 Auto vars:     Size  Location     Type
		None
 Return value:  Size  Location     Type
                  1    wreg      void 
 Registers used:
		wreg, status,2, status,0
 Tracked objects:
		On entry : 
		On exit  : 
		Unchanged: 
 Data sizes:     COMMON   BANK0   BANK1   BANK3   BANK2
      Params:         0       0       0       0       0
      Locals:         0       0       0       0       0
      Temps:          0       0       0       0       0
      Totals:         0       0       0       0       0
Total ram usage:        0 bytes
 Hardware stack levels used:    1
 Hardware stack levels required when called:    2
 This function calls:
		Nothing
 This function is called by:
		_main
 This function uses a non-reentrant model


 *************** function _teclado_init *****************
 Defined at:
		line 29 in file "teclado.c"
 Parameters:    Size  Location     Type
		None
 Auto vars:     Size  Location     Type
		None
 Return value:  Size  Location     Type
                  1    wreg      void 
 Registers used:
		wreg, status,2
 Tracked objects:
		On entry : 
		On exit  : 
		Unchanged: 
 Data sizes:     COMMON   BANK0   BANK1   BANK3   BANK2
      Params:         0       0       0       0       0
      Locals:         0       0       0       0       0
      Temps:          0       0       0       0       0
      Totals:         0       0       0       0       0
Total ram usage:        0 bytes
 Hardware stack levels used:    1
 Hardware stack levels required when called:    2
 This function calls:
		Nothing
 This function is called by:
		_main
 This function uses a non-reentrant model


 *************** function _teclado_borda *****************
 Defined at:
		line 92 in file "teclado.c"
 Parameters:    Size  Location     Type
		None
 Auto vars:     Size  Location     Type
  tecla           1    9[BANK0 ] unsigned char 
  aux             1    8[BANK0 ] unsigned char 
 Return value:  Size  Location     Type
                  1    wreg      unsigned char 
 Registers used:
		wreg, fsr0l, fsr0h, status,2, status,0, pclath, cstack
 Tracked objects:
		On entry : 
		On exit  : 
		Unchanged: 
 Data sizes:     COMMON   BANK0   BANK1   BANK3   BANK2
      Params:         0       0       0       0       0
      Locals:         0       2       0       0       0
      Temps:          0       1       0       0       0
      Totals:         0       3       0       0       0
Total ram usage:        3 bytes
 Hardware stack levels used:    1
 Hardware stack levels required when called:    3
 This function calls:
		_teclado_scan
 This function is called by:
		_main
 This function uses a non-reentrant model


 *************** function _teclado_scan *****************
 Defined at:
		line 55 in file "teclado.c"
 Parameters:    Size  Location     Type
		None
 Auto vars:     Size  Location     Type
  c               1    6[BANK0 ] unsigned char 
  l               1    5[BANK0 ] unsigned char 
  tecla           1    4[BANK0 ] unsigned char 
 Return value:  Size  Location     Type
                  1    wreg      unsigned char 
 Registers used:
		wreg, fsr0l, fsr0h, status,2, status,0
 Tracked objects:
		On entry : 
		On exit  : 
		Unchanged: 
 Data sizes:     COMMON   BANK0   BANK1   BANK3   BANK2
      Params:         0       0       0       0       0
      Locals:         0       3       0       0       0
      Temps:          0       4       0       0       0
      Totals:         0       7       0       0       0
Total ram usage:        7 bytes
 Hardware stack levels used:    1
 Hardware stack levels required when called:    2
 This function calls:
		Nothing
 This function is called by:
		_teclado_borda
 This function uses a non-reentrant model


 *************** function _statusT1 *****************
 Defined at:
		line 38 in file "timer1.c"
 Parameters:    Size  Location     Type
		None
 Auto vars:     Size  Location     Type
		None
 Return value:  Size  Location     Type
                  4    0[BANK0 ] unsigned long 
 Registers used:
		wreg
 Tracked objects:
		On entry : 
		On exit  : 
		Unchanged: 
 Data sizes:     COMMON   BANK0   BANK1   BANK3   BANK2
      Params:         0       4       0       0       0
      Locals:         0       0       0       0       0
      Temps:          0       0       0       0       0
      Totals:         0       4       0       0       0
Total ram usage:        4 bytes
 Hardware stack levels used:    1
 Hardware stack levels required when called:    2
 This function calls:
		Nothing
 This function is called by:
		_main
 This function uses a non-reentrant model


 *************** function _set_passo *****************
 Defined at:
		line 53 in file "atuadores.c"
 Parameters:    Size  Location     Type
  passo           1    wreg     unsigned char 
  ptr             1    0[BANK0 ] PTR unsigned char 
		 -> main@vetorOut(1), 
 Auto vars:     Size  Location     Type
  passo           1    3[BANK0 ] unsigned char 
 Return value:  Size  Location     Type
                  1    wreg      void 
 Registers used:
		wreg, fsr0l, fsr0h, status,2, status,0
 Tracked objects:
		On entry : 
		On exit  : 
		Unchanged: 
 Data sizes:     COMMON   BANK0   BANK1   BANK3   BANK2
      Params:         0       1       0       0       0
      Locals:         0       1       0       0       0
      Temps:          0       2       0       0       0
      Totals:         0       4       0       0       0
Total ram usage:        4 bytes
 Hardware stack levels used:    1
 Hardware stack levels required when called:    2
 This function calls:
		Nothing
 This function is called by:
		_main
 This function uses a non-reentrant model


 *************** function _setT1 *****************
 Defined at:
		line 31 in file "timer1.c"
 Parameters:    Size  Location     Type
  c               4    6[BANK0 ] unsigned long 
 Auto vars:     Size  Location     Type
		None
 Return value:  Size  Location     Type
                  1    wreg      void 
 Registers used:
		wreg
 Tracked objects:
		On entry : 
		On exit  : 
		Unchanged: 
 Data sizes:     COMMON   BANK0   BANK1   BANK3   BANK2
      Params:         0       4       0       0       0
      Locals:         0       0       0       0       0
      Temps:          0       0       0       0       0
      Totals:         0       4       0       0       0
Total ram usage:        4 bytes
 Hardware stack levels used:    1
 Hardware stack levels required when called:    2
 This function calls:
		Nothing
 This function is called by:
		_main
 This function uses a non-reentrant model


 *************** function _serialIOscan *****************
 Defined at:
		line 76 in file "serialIO.c"
 Parameters:    Size  Location     Type
		None
 Auto vars:     Size  Location     Type
  i               1    9[BANK0 ] unsigned char 
  j               1    8[BANK0 ] unsigned char 
 Return value:  Size  Location     Type
[...]
 Hardware stack levels used:    1
 Hardware stack levels required when called:    2
 This function calls:
		Nothing
 This function is called by:
		_main
 This function uses a non-reentrant model


 *************** function _addContCiclos *****************
 Defined at:
		line 59 in file "fifo.c"
 Parameters:    Size  Location     Type
		None
 Auto vars:     Size  Location     Type
		None
 Return value:  Size  Location     Type
                  1    wreg      void 
 Registers used:
		wreg
 Tracked objects:
		On entry : 
		On exit  : 
		Unchanged: 
 Data sizes:     COMMON   BANK0   BANK1   BANK3   BANK2
      Params:         0       0       0       0       0
      Locals:         0       0       0       0       0
      Temps:          0       0       0       0       0
      Totals:         0       0       0       0       0
Total ram usage:        0 bytes
 Hardware stack levels used:    1
 Hardware stack levels required when called:    2
 This function calls:
		Nothing
 This function is called by:
		_main
 This function uses a non-reentrant model


 *************** function ___lmul *****************
 Defined at:
		line 15 in file "C:\Program Files\Microchip\xc8\v2.30\pic\sources\c90\common\Umul32.c"
 Parameters:    Size  Location     Type
  multiplier      4    0[BANK0 ] unsigned long 
  multiplicand    4    4[BANK0 ] unsigned long 
 Auto vars:     Size  Location     Type
  product         4    9[BANK0 ] unsigned long 
 Return value:  Size  Location     Type
                  4    0[BANK0 ] unsigned long 
 Registers used:
		wreg, status,2, status,0
 Tracked objects:
		On entry : 
		On exit  : 
		Unchanged: 
 Data sizes:     COMMON   BANK0   BANK1   BANK3   BANK2
      Params:         0       8       0       0       0
      Locals:         0       4       0       0       0
      Temps:          0       1       0       0       0
      Totals:         0      13       0       0       0
Total ram usage:       13 bytes
 Hardware stack levels used:    1
 Hardware stack levels required when called:    2
 This function calls:
		Nothing
 This function is called by:
		_main
 This function uses a non-reentrant model


 *************** function ___aldiv *****************
 Defined at:
		line 5 in file "C:\Program Files\Microchip\xc8\v2.30\pic\sources\c90\common\aldiv.c"
 Parameters:    Size  Location     Type
  divisor         4   13[BANK0 ] long 
  dividend        4   17[BANK0 ] long 
 Auto vars:     Size  Location     Type
  quotient        4   24[BANK0 ] long 
  sign            1   23[BANK0 ] unsigned char 
  counter         1   22[BANK0 ] unsigned char 
 Return value:  Size  Location     Type
                  4   13[BANK0 ] long 
 Registers used:
		wreg, status,2, status,0
 Tracked objects:
		On entry : 
		On exit  : 
		Unchanged: 
 Data sizes:     COMMON   BANK0   BANK1   BANK3   BANK2
      Params:         0       8       0       0       0
      Locals:         0       6       0       0       0
      Temps:          0       1       0       0       0
      Totals:         0      15       0       0       0
Total ram usage:       15 bytes
 Hardware stack levels used:    1
 Hardware stack levels required when called:    2
 This function calls:
		Nothing
 This function is called by:
		_main
 This function uses a non-reentrant model


 *************** function _MCP4725 *****************
 Defined at:
		line 35 in file "MCP4725.c"
 Parameters:    Size  Location     Type
  Vout            2   28[BANK0 ] unsigned int 
 Auto vars:     Size  Location     Type
		None
 Return value:  Size  Location     Type
                  1    wreg      void 
 Registers used:
		wreg, status,2, status,0, pclath, cstack
 Tracked objects:
		On entry : 
		On exit  : 
		Unchanged: 
 Data sizes:     COMMON   BANK0   BANK1   BANK3   BANK2
      Params:         0       2       0       0       0
      Locals:         0       0       0       0       0
      Temps:          0       0       0       0       0
      Totals:         0       2       0       0       0
Total ram usage:        2 bytes
 Hardware stack levels used:    1
 Hardware stack levels required when called:    4
 This function calls:
		_I2C_stop
		_dac_init
		_dac_write
		_delay
 This function is called by:
		_main
 This function uses a non-reentrant model


 *************** function _dac_write *****************
 Defined at:
		line 25 in file "MCP4725.c"
 Parameters:    Size  Location     Type
  code            2    4[BANK0 ] unsigned int 
 Auto vars:     Size  Location     Type
		None
 Return value:  Size  Location     Type
                  1    wreg      void 
 Registers used:
		wreg, status,2, status,0, pclath, cstack
 Tracked objects:
		On entry : 
		On exit  : 
		Unchanged: 
 Data sizes:     COMMON   BANK0   BANK1   BANK3   BANK2
      Params:         0       2       0       0       0
      Locals:         0       0       0       0       0
      Temps:          0       2       0       0       0
      Totals:         0       4       0       0       0
Total ram usage:        4 bytes
 Hardware stack levels used:    1
 Hardware stack levels required when called:    3
 This function calls:
		_I2C_ack_receive
		_I2C_tx
		_delay
 This function is called by:
		_MCP4725
		_MCP4725X
 This function uses a non-reentrant model


 *************** function _dac_init *****************
 Defined at:
		line 13 in file "MCP4725.c"
 Parameters:    Size  Location     Type
		None
 Auto vars:     Size  Location     Type
		None
 Return value:  Size  Location     Type
                  1    wreg      void 
 Registers used:
		wreg, status,2, status,0, pclath, cstack
 Tracked objects:
		On entry : 
		On exit  : 
		Unchanged: 
 Data sizes:     COMMON   BANK0   BANK1   BANK3   BANK2
      Params:         0       0       0       0       0
      Locals:         0       0       0       0       0
      Temps:          0       0       0       0       0
      Totals:         0       0       0       0       0
Total ram usage:        0 bytes
 Hardware stack levels used:    1
 Hardware stack levels required when called:    3
 This function calls:
		_I2C_ack_receive
		_I2C_start
		_I2C_tx
		_delay
 This function is called by:
		_MCP4725
		_MCP4725X
 This function uses a non-reentrant model


 *************** function _delay *****************
 Defined at:
		line 10 in file "delay.c"
 Parameters:    Size  Location     Type
  t               2    0[BANK0 ] unsigned int 
 Auto vars:     Size  Location     Type
		None
 Return value:  Size  Location     Type
                  1    wreg      void 
 Registers used:
		wreg, status,2, status,0
 Tracked objects:
		On entry : 
		On exit  : 
		Unchanged: 
 Data sizes:     COMMON   BANK0   BANK1   BANK3   BANK2
      Params:         0       2       0       0       0
      Locals:         0       0       0       0       0
      Temps:          0       2       0       0       0
      Totals:         0       4       0       0       0
Total ram usage:        4 bytes
 Hardware stack levels used:    1
 Hardware stack levels required when called:    2
 This function calls:
		Nothing
 This function is called by:
		_dispLCD_init
		_main
		_dac_init
		_dac_write
		_MCP4725
		_MCP4725X
 This function uses a non-reentrant model


 *************** function _I2C_tx *****************
 Defined at:
		line 36 in file "spi_i2c.c"
 Parameters:    Size  Location     Type
  b               1    wreg     unsigned char 
 Auto vars:     Size  Location     Type
  b               1    0[BANK0 ] unsigned char 
 Return value:  Size  Location     Type
                  1    wreg      void 
 Registers used:
		wreg
 Tracked objects:
		On entry : 
		On exit  : 
		Unchanged: 
 Data sizes:     COMMON   BANK0   BANK1   BANK3   BANK2
      Params:         0       0       0       0       0
      Locals:         0       1       0       0       0
      Temps:          0       0       0       0       0
      Totals:         0       1       0       0       0
Total ram usage:        1 bytes
 Hardware stack levels used:    1
 Hardware stack levels required when called:    2
 This function calls:
		Nothing
 This function is called by:
		_dac_init
		_dac_write
 This function uses a non-reentrant model


 *************** function _I2C_start *****************
 Defined at:
		line 22 in file "spi_i2c.c"
 Parameters:    Size  Location     Type
		None
 Auto vars:     Size  Location     Type
		None
 Return value:  Size  Location     Type
                  1    wreg      void 
 Registers used:
		None
 Tracked objects:
		On entry : 
		On exit  : 
		Unchanged: 
 Data sizes:     COMMON   BANK0   BANK1   BANK3   BANK2
      Params:         0       0       0       0       0
      Locals:         0       0       0       0       0
      Temps:          0       0       0       0       0
      Totals:         0       0       0       0       0
Total ram usage:        0 bytes
 Hardware stack levels used:    1
 Hardware stack levels required when called:    2
 This function calls:
		Nothing
 This function is called by:
		_dac_init
 This function uses a non-reentrant model


 *************** function _I2C_ack_receive *****************
 Defined at:
		line 56 in file "spi_i2c.c"
 Parameters:    Size  Location     Type
		None
 Auto vars:     Size  Location     Type
		None
 Return value:  Size  Location     Type
                  1    wreg      void 
 Registers used:
		None
 Tracked objects:
		On entry : 
		On exit  : 
		Unchanged: 
 Data sizes:     COMMON   BANK0   BANK1   BANK3   BANK2
      Params:         0       0       0       0       0
      Locals:         0       0       0       0       0
      Temps:          0       0       0       0       0
      Totals:         0       0       0       0       0
Total ram usage:        0 bytes
 Hardware stack levels used:    1
 Hardware stack levels required when called:    2
 This function calls:
		Nothing
 This function is called by:
		_dac_init
		_dac_write
 This function uses a non-reentrant model


 *************** function _I2C_stop *****************
 Defined at:
		line 41 in file "spi_i2c.c"
 Parameters:    Size  Location     Type
		None
 Auto vars:     Size  Location     Type
		None
 Return value:  Size  Location     Type
                  1    wreg      void 
 Registers used:
		None
 Tracked objects:
		On entry : 
		On exit  : 
		Unchanged: 
 Data sizes:     COMMON   BANK0   BANK1   BANK3   BANK2
      Params:         0       0       0       0       0
      Locals:         0       0       0       0       0
      Temps:          0       0       0       0       0
      Totals:         0       0       0       0       0
Total ram usage:        0 bytes
 Hardware stack levels used:    1
 Hardware stack levels required when called:    2
 This function calls:
		Nothing
 This function is called by:
		_MCP4725
		_MCP4725X
 This function uses a non-reentrant model


 *************** function _I2C_init *****************
 Defined at:
		line 12 in file "spi_i2c.c"
 Parameters:    Size  Location     Type
  freq            4   14[BANK0 ] unsigned long 
 Auto vars:     Size  Location     Type
		None
 Return value:  Size  Location     Type
                  1    wreg      void 
 Registers used:
		wreg, status,2, status,0, pclath, cstack
 Tracked objects:
		On entry : 
		On exit  : 
		Unchanged: 
 Data sizes:     COMMON   BANK0   BANK1   BANK3   BANK2
      Params:         0       4       0       0       0
      Locals:         0       0       0       0       0
      Temps:          0       0       0       0       0
      Totals:         0       4       0       0       0
Total ram usage:        4 bytes
 Hardware stack levels used:    1
 Hardware stack levels required when called:    3
 This function calls:
		___lldiv
 This function is called by:
		_main
 This function uses a non-reentrant model


 *************** function ___lldiv *****************
 Defined at:
		line 5 in file "C:\Program Files\Microchip\xc8\v2.30\pic\sources\c90\common\__lldiv.c"
 Parameters:    Size  Location     Type
  divisor         4    0[BANK0 ] unsigned long 
  dividend        4    4[BANK0 ] unsigned long 
 Auto vars:     Size  Location     Type
  quotient        4    9[BANK0 ] unsigned long 
  counter         1   13[BANK0 ] unsigned char 
 Return value:  Size  Location     Type
                  4    0[BANK0 ] unsigned long 
 Registers used:
		wreg, status,2, status,0
 Tracked objects:
		On entry : 
		On exit  : 
		Unchanged: 
 Data sizes:     COMMON   BANK0   BANK1   BANK3   BANK2
      Params:         0       8       0       0       0
      Locals:         0       5       0       0       0
      Temps:          0       1       0       0       0
      Totals:         0      14       0       0       0
Total ram usage:       14 bytes
 Hardware stack levels used:    1
 Hardware stack levels required when called:    2
 This function calls:
		Nothing
 This function is called by:
		_I2C_init
 This function uses a non-reentrant model


 *************** function _irq *****************
 Defined at:
		line 55 in file "main.c"
 Parameters:    Size  Location     Type
		None
 Auto vars:     Size  Location     Type
		None
 Return value:  Size  Location     Type
                  1    wreg      void 
 Registers used:
		wreg, status,2, status,0, pclath, cstack
 Tracked objects:
		On entry : 
		On exit  : 
		Unchanged: 
 Data sizes:     COMMON   BANK0   BANK1   BANK3   BANK2
      Params:         0       0       0       0       0
      Locals:         0       0       0       0       0
      Temps:          2       0       0       0       0
      Totals:         2       0       0       0       0
Total ram usage:        2 bytes
 Hardware stack levels used:    1
 Hardware stack levels required when called:    1
 This function calls:
		_intt1_1ms
 This function is called by:
		Interrupt level 1
 This function uses a non-reentrant model


 *************** function _intt1_1ms *****************
 Defined at:
		line 5 in file "timer1.c"
 Parameters:    Size  Location     Type
		None
 Auto vars:     Size  Location     Type
		None
 Return value:  Size  Location     Type
                  1    wreg      void 
 Registers used:
		wreg
 Tracked objects:
		On entry : 
		On exit  : 
		Unchanged: 
 Data sizes:     COMMON   BANK0   BANK1   BANK3   BANK2
      Params:         0       0       0       0       0
      Locals:         0       0       0       0       0
      Temps:          4       0       0       0       0
      Totals:         4       0       0       0       0
Total ram usage:        4 bytes
 Hardware stack levels used:    1
 This function calls:
		Nothing
 This function is called by:
		_irq
 This function uses a non-reentrant model



MODULE INFORMATION

Module		Function		Class		Link	Load	Size
delay.c
		_delay         		CODE           	1938	0000	29

delay.c estimated size: 29

atuadores.c
		_set_passo     		CODE           	10C2	0000	91
		_ler_sensor    		CODE           	1FA7	0000	89

atuadores.c estimated size: 180

C:\Program Files\Microchip\xc8\v2.30\pic\sources\c90\common\__lldiv.c
		___lldiv       		CODE           	111D	0000	104

C:\Program Files\Microchip\xc8\v2.30\pic\sources\c90\common\__lldiv.c estimated size: 104

serialIO.c
		_serialIOload  		CODE           	1830	0000	5
		_serialIOscan  		CODE           	1D48	0000	59
		_initSerialIO  		CODE           	1D11	0000	55
		_serialIObyteShift		CODE           	1A5A	0000	38

serialIO.c estimated size: 157

fifo.c
		_fifo_add_control		CODE           	1AD2	0000	43
		_resetContCiclos		CODE           	1824	0000	3
		_posAtual      		CODE           	1904	0000	23
		_fifo_add_ciclo		CODE           	1888	0000	11
		_fifo_add_tempo		CODE           	1C15	0000	48
		_addContCiclos 		CODE           	183C	0000	7
		_fifo_indicePrint_inc		CODE           	1B2A	0000	46
		_resetIndicePassos		CODE           	09FA	0000	7
		_dignum_tam    		CODE           	1A13	0000	35
		_dignum_conc   		CODE           	1B86	0000	47
		_fifo_tam      		CODE           	181E	0000	2
		_salva_atuadores_init		CODE           	100D	0000	90
		_fifo_lerPos   		CODE           	1861	0000	9
		_dignum_apagar 		CODE           	1991	0000	31
		_getCiclos     		CODE           	1955	0000	30
		_fifo_indice   		CODE           	1827	0000	4
		_ler_atuador   		CODE           	1B58	0000	46
		_fifo_delete   		CODE           	1F5A	0000	77
		_codifica      		CODE           	140C	0000	173
		_decodifica    		CODE           	11EE	0000	126
		_fifo_print    		CODE           	0E0F	0000	497
		_alt_atuador   		CODE           	1CDA	0000	55
		_fifo_indicePrint_dec		CODE           	189E	0000	11
		_fifo_alinharPrint		CODE           	12EB	0000	132
		_getIndicePassos		CODE           	1820	0000	2
		_init_atuadores		CODE           	182B	0000	5
		_fifo_add      		CODE           	1BE5	0000	48
		_fifo_adrs     		CODE           	181C	0000	2
		_fifo_disponivel		CODE           	1893	0000	11
		_printExec     		CODE           	16DE	0000	290
		_getContCiclos 		CODE           	184A	0000	7
		_addIndicePassos		CODE           	1000	0000	13

fifo.c estimated size: 1931

C:\Program Files\Microchip\xc8\v2.30\pic\sources\c90\common\awmod.c
		___awmod       		CODE           	1067	0000	91

C:\Program Files\Microchip\xc8\v2.30\pic\sources\c90\common\awmod.c estimated size: 91

teclado.c
		_teclado_scan  		CODE           	1F0E	0000	76
		_teclado_init  		CODE           	1851	0000	8
		_teclado_borda 		CODE           	19F2	0000	33

teclado.c estimated size: 117

C:\Program Files\Microchip\xc8\v2.30\pic\sources\c90\common\lwdiv.c
		___lwdiv       		CODE           	1E80	0000	70

C:\Program Files\Microchip\xc8\v2.30\pic\sources\c90\common\lwdiv.c estimated size: 70

eeprom.c
		_EEPROM_write  		CODE           	1973	0000	30
		_salvar_dado   		CODE           	19D1	0000	33
		_end_receita   		CODE           	18F0	0000	20
		_salvar_receita		CODE           	1CA7	0000	51

eeprom.c estimated size: 134

MCP4725.c
		_MCP4725       		CODE           	19B0	0000	33
		_dac_write     		CODE           	1E3B	0000	69
		_dac_init      		CODE           	1DBF	0000	61

MCP4725.c estimated size: 163

C:\Program Files\Microchip\xc8\v2.30\pic\sources\c90\common\awdiv.c
		___awdiv       		CODE           	1185	0000	105

C:\Program Files\Microchip\xc8\v2.30\pic\sources\c90\common\awdiv.c estimated size: 105

shared
		__stringtab    		STRING         	1800	0000	18
		__initialization		CODE           	000F	0000	63
		__fptable      		ENTRY          	0052	0000	24

shared estimated size: 105

C:\Program Files\Microchip\xc8\v2.30\pic\sources\c90\common\Umul16.c
		___wmul        		CODE           	1A80	0000	39

C:\Program Files\Microchip\xc8\v2.30\pic\sources\c90\common\Umul16.c estimated size: 39

C:\Program Files\Microchip\xc8\v2.30\pic\sources\c90\common\aldiv.c
		___aldiv       		CODE           	136F	0000	157

C:\Program Files\Microchip\xc8\v2.30\pic\sources\c90\common\aldiv.c estimated size: 157

spi_i2c.c
		_I2C_stop      		CODE           	186A	0000	10
		_I2C_init      		CODE           	1AA7	0000	43
		_I2C_tx        		CODE           	18B4	0000	12
		_I2C_start     		CODE           	1874	0000	10
		_I2C_ack_receive		CODE           	1835	0000	7

spi_i2c.c estimated size: 82

timer1.c
		_setT1         		CODE           	18C0	0000	12
		_intt1_1ms     		CODE           	1AFD	0000	45
		_statusT1      		CODE           	18A9	0000	11
		_timer1_init   		CODE           	18CC	0000	17

timer1.c estimated size: 85

main.c
		_main          		CODE           	15BE	0000	3248
		_irq           		CODE           	191B	0000	29

main.c estimated size: 3277

dispLCD4vias.c
		_dispLCD_lincol		CODE           	1C76	0000	49
		_dispLCD_dataReg		CODE           	1C45	0000	49
		_dispLCD_instReg		CODE           	126C	0000	127
		_dispLCD       		CODE           	1D83	0000	60
		_dispLCD_clr   		CODE           	1843	0000	7
		_dispLCD_num   		CODE           	071A	0000	229
		_dispLCD_str   		CODE           	1DFC	0000	63
		_dispLCD_init  		CODE           	1BB5	0000	48

dispLCD4vias.c estimated size: 632

C:\Program Files\Microchip\xc8\v2.30\pic\sources\c90\common\Umul32.c
		___lmul        		CODE           	1EC6	0000	72

C:\Program Files\Microchip\xc8\v2.30\pic\sources\c90\common\Umul32.c estimated size: 72

