Microchip MPLAB XC8 Compiler V2.30

Linker command line:

-W-3 --edf=C:\Program Files\Microchip\xc8\v2.30\pic\dat\en_msgs.txt -cn \
  -h+dist/default/production\seqProg_16F887_V2.X.production.sym \
  --cmf=dist/default/production\seqProg_16F887_V2.X.production.cmf -z \
  -Q16F887 -oC:\Users\gustavo\AppData\Local\Temp\s4j8x2 \
  --defsym=__MPLAB_BUILD=1 \
  -Mdist/default/production/seqProg_16F887_V2.X.production.map -E1 \
  -ver=XC8 Compiler --acfsm=1493 -ASTACK=0156h-016Fh -pstack=STACK \
  -ACODE=00h-07FFhx4 -ASTRCODE=00h-01FFFh -ASTRING=00h-0FFhx32 \
  -ACONST=00h-0FFhx32 -AENTRY=00h-0FFhx32 -ACOMMON=070h-07Fh \
  -ABANK0=020h-06Fh -ABANK1=0A0h-0EFh -ABANK2=0110h-016Fh \
  -ABANK3=0190h-01EFh -ARAM=020h-06Fh,0A0h-0EFh,0110h-016Fh,0190h-01EFh \
  -AABS1=020h-07Fh,0A0h-0EFh,0110h-016Fh,0190h-01EFh -ASFR0=00h-01Fh \
  -ASFR1=080h-09Fh -ASFR2=0100h-010Fh -ASFR3=0180h-018Fh \
  -ACONFIG=02007h-02008h -DCONFIG=2 -AIDLOC=02000h-02003h -DIDLOC=2 \
  -AEEDATA=00h-0FFh/02100h -peeprom_data=EEDATA -DEEDATA=2 -DCODE=2 \
  -DSTRCODE=2 -DSTRING=2 -DCONST=2 -DENTRY=2 \
  -preset_vec=00h,intentry=04h,init,end_init -ppowerup=CODE -pcinit=CODE \
  -pfunctab=ENTRY -k C:\Users\gustavo\AppData\Local\Temp\s4j8xb.o \
  dist/default/production\seqProg_16F887_V2.X.production.o 

Object code version is 3.11

Machine type is 16F887



                Name                               Link     Load   Length Selector   Space Scale
C:\Users\gustavo\AppData\Local\Temp\s4j8xb.o
                end_init                              C        C        3        8       0
                reset_vec                             0        0        3        0       0
                config                             2007     2007        2        0       4
dist/default/production\seqProg_16F887_V2.X.production.o
                cinit                                 F        F       5A        8       0
                functab                              69       69       2A       D2       0
                intentry                              4        4        8        8       0
                maintext_split_2                    830      830      7D0     1060       0
                maintext_split_1                    284      284      1BA      126       0
                config                             2007     2007        2        0       4
                text71                             1C72     1C72       2D     38E4       0
                text70                             1AAA     1AAA       1D     3554       0
                text69                             1585     1585       68     2B0A       0
                text68                             1C1C     1C1C       2B     3838       0
                text67                             19FD     19FD        A     33FA       0
                text66                             19C6     19C6        7     338C       0
                text65                             1A07     1A07        A     340E       0
                text64                             1A51     1A51        C     34A2       0
                text63                             1AC7     1AC7       1D     358E       0
                text62                             1F3F     1F3F       3D     3E7E       0
                text61                             1FBB     1FBB       45     3F76       0
                text60                             1B21     1B21       21     3642       0
                text59                             19B7     19B7        5     336E       0
                text58                             19EB     19EB        9     33D6       0
                text57                             1E8D     1E8D       3B     3D1A       0
                text56                             1429     1429       53     2852       0
                text55                             12FE     12FE       46     25FC       0
                text54                             1B02     1B02       1F     3604       0
                text53                             1BCD     1BCD       27     379A       0
                text52                             1CFB     1CFB       2F     39F6       0
                text51                             1D8A     1D8A       31     3B14       0
                text50                             16D4     16D4       7F     2DA8       0
                text49                             1DBB     1DBB       31     3B76       0
                text48                             1F03     1F03       3C     3E06       0
                text47                             19CD     19CD        7     339A       0
                text46                             1D2A     1D2A       30     3A54       0
                text45                             1F7C     1F7C       3F     3EF8       0
                text44                             1753     1753       AD     2EA6       0
                text43                             15ED     15ED       69     2BDA       0
                text42                             1B84     1B84       23     3708       0
                text41                              76C      76C       84      126       0
                text40                             1D5A     1D5A       30     3AB4       0
                text39                             1A25     1A25        B     344A       0
                text38                             1C47     1C47       2B     388E       0
                text37                              800      800       30     1000       0
                text36                             19B1     19B1        2     3362       0
                text35                             1E1F     1E1F       37     3C3E       0
                text34                             1656     1656       7E     2CAC       0
                text33                             13DC     13DC       4D     27B8       0
                text32                             1A30     1A30        B     3460       0
                text31                              7FC      7FC        4      126       0
                text30                             1A3B     1A3B        B     3476       0
                text29                             1C9F     1C9F       2E     393E       0
                text28                             152A     152A       5B     2A54       0
                text27                               93       93      1F1      126       0
                text26                             19B3     19B3        2     3366       0
                text25                             19D4     19D4        7     33A8       0
                text24                             1E56     1E56       37     3CAC       0
                text23                             19BC     19BC        5     3378       0
                text22                              687      687       E5      126       0
                text21                             19F4     19F4        9     33E8       0
                text20                             19B5     19B5        2     336A       0
                text19                             1A93     1A93       17     3526       0
                text18                              565      565      122      126       0
                text17                             1CCD     1CCD       2E     399A       0
                text16                             14D0     14D0       5A     29A0       0
                text15                             1AE4     1AE4       1E     35C8       0
                text14                             1A7F     1A7F       14     34FE       0
                text13                             1B42     1B42       21     3684       0
                text12                             1DEC     1DEC       33     3BD8       0
                text11                             1BA7     1BA7       26     374E       0
                text10                             19C1     19C1        5     3382       0
                text9                              1EC8     1EC8       3B     3D90       0
                text8                               7F0      7F0        C      126       0
                text7                              1A46     1A46        B     348C       0
                text6                              1344     1344       4C     2688       0
                text5                              1B63     1B63       21     36C6       0
                text4                              19DB     19DB        8     33B6       0
                text3                              1A5D     1A5D       11     34BA       0
                text2                              147C     147C       54     28F8       0
                text1                              1A6E     1A6E       11     34DC       0
                maintext                            43E      43E      127      126       0
                cstackBANK0                          20       20       24       20       1
                cstackCOMMON                         70       70        6       70       1
                cstackBANK1                          A0       A0       42       A0       1
                clrtext                            19E3     19E3        8     33C6       0
                inittext                           12EB     12EB       13     25D6       0
                dataBANK2                           110      110       28      110       1
                bssBANK2                            138      138       1E      110       1
                dataBANK3                           190      190       4C      190       1
                dataBANK1                            E2       E2        A       A0       1
                bssBANK1                             EC       EC        2       A0       1
                dataBANK0                            64       64        A       20       1
                bssBANK0                             44       44       20       20       1
                dataCOMMON                           7A       7A        1       70       1
                bssCOMMON                            76       76        4       70       1
                stringtext                         1000     1000      2EB       20       0
                strings                            1800     1800       12     3000       0
                idataBANK3                         1390     1390       4C     2720       0
                idataBANK2                         1BF4     1BF4       28     37E8       0
                idataBANK1                         1A11     1A11        A     3422       0
                idataBANK0                         1A1B     1A1B        A     3436       0
                idataCOMMON                           3        3        1        0       0

TOTAL           Name                               Link     Load   Length     Space
        CLASS   STACK          

        CLASS   CODE           
                end_init                              C        C        3         0
                cinit                                 F        F       5A         0
                intentry                              4        4        8         0
                reset_vec                             0        0        3         0
                maintext_split_2                    830      830      7D0         0
                maintext_split_1                    284      284      1BA         0
                text71                             1C72     1C72       2D         0
                text70                             1AAA     1AAA       1D         0
                text69                             1585     1585       68         0
                text68                             1C1C     1C1C       2B         0
                text67                             19FD     19FD        A         0
                text66                             19C6     19C6        7         0
                text65                             1A07     1A07        A         0
                text64                             1A51     1A51        C         0
                text63                             1AC7     1AC7       1D         0
                text62                             1F3F     1F3F       3D         0
                text61                             1FBB     1FBB       45         0
                text60                             1B21     1B21       21         0
                text59                             19B7     19B7        5         0
                text58                             19EB     19EB        9         0
                text57                             1E8D     1E8D       3B         0
                text56                             1429     1429       53         0
                text55                             12FE     12FE       46         0
                text54                             1B02     1B02       1F         0
                text53                             1BCD     1BCD       27         0
                text52                             1CFB     1CFB       2F         0
                text51                             1D8A     1D8A       31         0
                text50                             16D4     16D4       7F         0
                text49                             1DBB     1DBB       31         0
                text48                             1F03     1F03       3C         0
                text47                             19CD     19CD        7         0
                text46                             1D2A     1D2A       30         0
                text45                             1F7C     1F7C       3F         0
                text44                             1753     1753       AD         0
                text43                             15ED     15ED       69         0
                text42                             1B84     1B84       23         0
                text41                              76C      76C       84         0
                text40                             1D5A     1D5A       30         0
                text39                             1A25     1A25        B         0
                text38                             1C47     1C47       2B         0
                text37                              800      800       30         0
                text36                             19B1     19B1        2         0
                text35                             1E1F     1E1F       37         0
                text34                             1656     1656       7E         0
                text33                             13DC     13DC       4D         0
                text32                             1A30     1A30        B         0
                text31                              7FC      7FC        4         0
                text30                             1A3B     1A3B        B         0
                text29                             1C9F     1C9F       2E         0
                text28                             152A     152A       5B         0
                text27                               93       93      1F1         0
                text26                             19B3     19B3        2         0
                text25                             19D4     19D4        7         0
                text24                             1E56     1E56       37         0
                text23                             19BC     19BC        5         0
                text22                              687      687       E5         0
                text21                             19F4     19F4        9         0
                text20                             19B5     19B5        2         0
                text19                             1A93     1A93       17         0
                text18                              565      565      122         0
                text17                             1CCD     1CCD       2E         0
                text16                             14D0     14D0       5A         0
                text15                             1AE4     1AE4       1E         0
                text14                             1A7F     1A7F       14         0
                text13                             1B42     1B42       21         0
                text12                             1DEC     1DEC       33         0
                text11                             1BA7     1BA7       26         0
                text10                             19C1     19C1        5         0
                text9                              1EC8     1EC8       3B         0
                text8                               7F0      7F0        C         0
                text7                              1A46     1A46        B         0
                text6                              1344     1344       4C         0
                text5                              1B63     1B63       21         0
                text4                              19DB     19DB        8         0
                text3                              1A5D     1A5D       11         0
                text2                              147C     147C       54         0
                text1                              1A6E     1A6E       11         0
                maintext                            43E      43E      127         0
                clrtext                            19E3     19E3        8         0
                inittext                           12EB     12EB       13         0
                idataBANK3                         1390     1390       4C         0
                idataBANK2                         1BF4     1BF4       28         0
                idataBANK1                         1A11     1A11        A         0
                idataBANK0                         1A1B     1A1B        A         0
                idataCOMMON                           3        3        1         0

        CLASS   STRCODE        
                stringtext                         1000     1000      2EB         0

        CLASS   STRING         
                strings                            1800     1800       12         0

        CLASS   CONST          

        CLASS   ENTRY          
                functab                              69       69       2A         0

        CLASS   COMMON         
                cstackCOMMON                         70       70        6         1
                dataCOMMON                           7A       7A        1         1
                bssCOMMON                            76       76        4         1

        CLASS   BANK0          
                cstackBANK0                          20       20       24         1
                dataBANK0                            64       64        A         1
                bssBANK0                             44       44       20         1

        CLASS   BANK1          
                cstackBANK1                          A0       A0       42         1
                dataBANK1                            E2       E2        A         1
                bssBANK1                             EC       EC        2         1

        CLASS   BANK2          
                dataBANK2                           110      110       28         1
                bssBANK2                            138      138       1E         1

        CLASS   BANK3          
                dataBANK3                           190      190       4C         1

        CLASS   RAM            

        CLASS   ABS1           
                abs_s1                               7E       7E        2         1

        CLASS   SFR0           

        CLASS   SFR1           

        CLASS   SFR2           

        CLASS   SFR3           

        CLASS   CONFIG         
                config                             2007     2007        2         4

        CLASS   IDLOC          

        CLASS   EEDATA         



SEGMENTS        Name                           Load    Length   Top    Selector   Space  Class     Delta

                reset_vec                      000000  000004  000004         0       0  CODE        2
                intentry                       000004  000065  000069         8       0  CODE        2
                cstackBANK0                    000020  00004E  00006E        20       1  BANK0       1
                cstackCOMMON                   000070  00000B  00007B        70       1  COMMON      1
                cstackBANK1                    0000A0  00004E  0000EE        A0       1  BANK1       1
                functab                        000069  00002A  000093        D2       0  ENTRY       2
                dataBANK2                      000110  000046  000156       110       1  BANK2       1
                text27                         000093  00076D  000800       126       0  CODE        2
                dataBANK3                      000190  00004C  0001DC       190       1  BANK3       1
                text37                         000800  000030  000830      1000       0  CODE        2
                maintext_split_2               000830  0007D0  001000      1060       0  CODE        2
                stringtext                     001000  0002EB  0012EB        20       0  STRCODE     2
                inittext                       0012EB  000013  0012FE      25D6       0  CODE        2
                text55                         0012FE  000046  001344      25FC       0  CODE        2
                text6                          001344  00004C  001390      2688       0  CODE        2
                idataBANK3                     001390  00004C  0013DC      2720       0  CODE        2
                text33                         0013DC  00004D  001429      27B8       0  CODE        2
                text56                         001429  000053  00147C      2852       0  CODE        2
                text2                          00147C  000054  0014D0      28F8       0  CODE        2
                text16                         0014D0  00005A  00152A      29A0       0  CODE        2
                text28                         00152A  00005B  001585      2A54       0  CODE        2
                text69                         001585  000068  0015ED      2B0A       0  CODE        2
                text43                         0015ED  000069  001656      2BDA       0  CODE        2
                text34                         001656  00007E  0016D4      2CAC       0  CODE        2
                text50                         0016D4  00007F  001753      2DA8       0  CODE        2
                text44                         001753  0000AD  001800      2EA6       0  CODE        2
                strings                        001800  000012  001812      3000       0  STRING      2
                text36                         0019B1  000002  0019B3      3362       0  CODE        2
                text26                         0019B3  000002  0019B5      3366       0  CODE        2
                text20                         0019B5  000002  0019B7      336A       0  CODE        2
                text59                         0019B7  000005  0019BC      336E       0  CODE        2
                text23                         0019BC  000005  0019C1      3378       0  CODE        2
                text10                         0019C1  000005  0019C6      3382       0  CODE        2
                text66                         0019C6  000007  0019CD      338C       0  CODE        2
                text47                         0019CD  000007  0019D4      339A       0  CODE        2
                text25                         0019D4  000007  0019DB      33A8       0  CODE        2
                text4                          0019DB  000008  0019E3      33B6       0  CODE        2
                clrtext                        0019E3  000008  0019EB      33C6       0  CODE        2
                text58                         0019EB  000009  0019F4      33D6       0  CODE        2
                text21                         0019F4  000009  0019FD      33E8       0  CODE        2
                text67                         0019FD  00000A  001A07      33FA       0  CODE        2
                text65                         001A07  00000A  001A11      340E       0  CODE        2
                idataBANK1                     001A11  00000A  001A1B      3422       0  CODE        2
                idataBANK0                     001A1B  00000A  001A25      3436       0  CODE        2
                text39                         001A25  00000B  001A30      344A       0  CODE        2
                text32                         001A30  00000B  001A3B      3460       0  CODE        2
                text30                         001A3B  00000B  001A46      3476       0  CODE        2
                text7                          001A46  00000B  001A51      348C       0  CODE        2
                text64                         001A51  00000C  001A5D      34A2       0  CODE        2
                text3                          001A5D  000011  001A6E      34BA       0  CODE        2
                text1                          001A6E  000011  001A7F      34DC       0  CODE        2
                text14                         001A7F  000014  001A93      34FE       0  CODE        2
                text19                         001A93  000017  001AAA      3526       0  CODE        2
                text70                         001AAA  00001D  001AC7      3554       0  CODE        2
                text63                         001AC7  00001D  001AE4      358E       0  CODE        2
                text15                         001AE4  00001E  001B02      35C8       0  CODE        2
                text54                         001B02  00001F  001B21      3604       0  CODE        2
                text60                         001B21  000021  001B42      3642       0  CODE        2
                text13                         001B42  000021  001B63      3684       0  CODE        2
                text5                          001B63  000021  001B84      36C6       0  CODE        2
                text42                         001B84  000023  001BA7      3708       0  CODE        2
                text11                         001BA7  000026  001BCD      374E       0  CODE        2
                text53                         001BCD  000027  001BF4      379A       0  CODE        2
                idataBANK2                     001BF4  000028  001C1C      37E8       0  CODE        2
                text68                         001C1C  00002B  001C47      3838       0  CODE        2
                text38                         001C47  00002B  001C72      388E       0  CODE        2
                text71                         001C72  00002D  001C9F      38E4       0  CODE        2
                text29                         001C9F  00002E  001CCD      393E       0  CODE        2
                text17                         001CCD  00002E  001CFB      399A       0  CODE        2
                text52                         001CFB  00002F  001D2A      39F6       0  CODE        2
                text46                         001D2A  000030  001D5A      3A54       0  CODE        2
                text40                         001D5A  000030  001D8A      3AB4       0  CODE        2
                text51                         001D8A  000031  001DBB      3B14       0  CODE        2
                text49                         001DBB  000031  001DEC      3B76       0  CODE        2
                text12                         001DEC  000033  001E1F      3BD8       0  CODE        2
                text35                         001E1F  000037  001E56      3C3E       0  CODE        2
                text24                         001E56  000037  001E8D      3CAC       0  CODE        2
                text57                         001E8D  00003B  001EC8      3D1A       0  CODE        2
                text9                          001EC8  00003B  001F03      3D90       0  CODE        2
                text48                         001F03  00003C  001F3F      3E06       0  CODE        2
                text62                         001F3F  00003D  001F7C      3E7E       0  CODE        2
                text45                         001F7C  00003F  001FBB      3EF8       0  CODE        2
                text61                         001FBB  000045  002000      3F76       0  CODE        2


UNUSED ADDRESS RANGES

        Name                Unused          Largest block    Delta
        BANK0            00006E-00006F                2           1
        BANK1            0000EE-0000EF                2           1
        BANK2            000156-00016F               1A           1
        BANK3            0001DC-0001EF               14           1
        CODE             001812-0019B0              19F           2
        COMMON           00007B-00007D                3           1
        CONST            001812-0019B0               EE           2
        EEDATA           002100-0021FF              100           2
        ENTRY            001812-0019B0               EE           2
        IDLOC            002000-002003                4           2
        RAM              00006E-00006F                2           1
                         0000EE-0000EF                2
                         000156-00016F               1A
                         0001DC-0001EF               14
        SFR0             000000-00001F               20           1
        SFR1             000080-00009F               20           1
        SFR2             000100-00010F               10           1
        SFR3             000180-00018F               10           1
        STACK            000156-00016F               1A           1
        STRCODE          001812-0019B0              19F           2
        STRING           001812-0019B0               EE           2

                                  Symbol Table

?___awdiv                       cstackBANK0      000020
?___awmod                       cstackBANK0      000020
?___lldiv                       cstackBANK0      000020
?___lwdiv                       cstackBANK0      000020
?___wmul                        cstackBANK0      000020
?_end_receita                   cstackBANK0      000020
?_getContCiclos                 cstackBANK0      000020
?_statusT1                      cstackBANK0      000020
EEPROM_write@addr               cstackBANK0      000021
EEPROM_write@data               cstackBANK0      000020
I2C_init@freq                   cstackBANK0      00002E
I2C_tx@b                        cstackBANK0      000020
MCP4725@Vout                    cstackBANK0      000028
Wifi_cipsend@F1398              dataBANK3        000190
Wifi_connect@F1388              dataBANK2        000110
Wifi_mode@d                     cstackBANK0      000024
_ANSELH                         (abs)            000189
_ANSELbits                      (abs)            000188
_BAUDCTLbits                    (abs)            000187
_EEADR                          (abs)            00010D
_EEADRH                         (abs)            00010F
_EECON1bits                     (abs)            00018C
_EECON2                         (abs)            00018D
_EEDAT                          (abs)            00010C
_EEPROM                         dataBANK1        0000E7
_EEPROM_write                   text15           001AE4
_I2C_ack_receive                text66           0019C6
_I2C_init                       text68           001C1C
_I2C_start                      text65           001A07
_I2C_stop                       text67           0019FD
_I2C_tx                         text64           001A51
_IHM                            dataBANK1        0000E2
_INTCONbits                     (abs)            00000B
_LCDbits                        (abs)            000006
_MCP4725                        text60           001B21
_PIE1bits                       (abs)            00008C
_PIR1bits                       (abs)            00000C
_PORTAbits                      (abs)            000005
_PORTD                          (abs)            000008
_RCREG                          (abs)            00001A
_RCSTAbits                      (abs)            000018
_SERIALIO                       (abs)            000005
_SPBRbits                       (abs)            000099
_SSPADD                         (abs)            000093
_SSPBUF                         (abs)            000013
_SSPCON2bits                    (abs)            000091
_SSPCONbits                     (abs)            000014
_SSPSTATbits                    (abs)            000094
_T1CONbits                      (abs)            000010
_TMR1H                          (abs)            00000F
_TMR1L                          (abs)            00000E
_TRISAbits                      (abs)            000085
_TRISBbits                      (abs)            000086
_TRISCbits                      (abs)            000087
_TRISD                          (abs)            000088
_TXREG                          (abs)            000019
_TXSTAbits                      (abs)            000098
_Wifi_autoconnect               (abs)            000000
_Wifi_cipsend                   (abs)            000000
_Wifi_config_servidor           (abs)            000000
_Wifi_connect                   (abs)            000000
_Wifi_ip                        (abs)            000000
_Wifi_mode                      text56           001429
_Wifi_scan                      (abs)            000000
__Habs1                         abs1             000126
__Hbank0                        bank0            000126
__Hbank1                        bank1            000126
__Hbank2                        bank2            000126
__Hbank3                        bank3            000126
__HbssBANK0                     bssBANK0         000126
__HbssBANK1                     bssBANK1         000126
__HbssBANK2                     bssBANK2         000126
__HbssCOMMON                    bssCOMMON        000126
__Hcinit                        cinit            000069
__Hclrtext                      clrtext          000126
__Hcode                         code             000126
__Hcommon                       common           000126
__Hconfig                       config           002009
__HcstackBANK0                  cstackBANK0      000126
__HcstackBANK1                  cstackBANK1      000126
__HcstackCOMMON                 cstackCOMMON     000126
__HdataBANK0                    dataBANK0        000126
__HdataBANK1                    dataBANK1        000126
__HdataBANK2                    dataBANK2        000126
__HdataBANK3                    dataBANK3        000126
__HdataCOMMON                   dataCOMMON       000126
__Heeprom_data                  eeprom_data      000000
__Hend_init                     end_init         00000F
__Hfunctab                      functab          000093
__HidataBANK0                   idataBANK0       000126
__HidataBANK1                   idataBANK1       000126
__HidataBANK2                   idataBANK2       000126
__HidataBANK3                   idataBANK3       000126
__HidataCOMMON                  idataCOMMON      000126
__Hinit                         init             00000C
__Hinittext                     inittext         000126
__Hintentry                     intentry         00000C
__Hmaintext                     maintext         000126
__Hmaintext_split_1             maintext_split_1 000126
__Hmaintext_split_2             maintext_split_2 000126
__Hpowerup                      powerup          000000
__Hram                          ram              000126
__Hreset_vec                    reset_vec        000003
__Hsfr0                         sfr0             000126
__Hsfr1                         sfr1             000126
__Hsfr2                         sfr2             000126
__Hsfr3                         sfr3             000126
__Hspace_0                      (abs)            002000
__Hspace_1                      (abs)            0001DC
__Hspace_2                      (abs)            000000
__Hspace_3                      (abs)            000000
__Hspace_4                      (abs)            004010
__Hstack                        stack            000000
__Hstrings                      strings          000126
__Hstringtext                   stringtext       000126
__Htext                         text             000126
__Labs1                         abs1             000126
__Lbank0                        bank0            000126
__Lbank1                        bank1            000126
__Lbank2                        bank2            000126
__Lbank3                        bank3            000126
__LbssBANK0                     bssBANK0         000126
__LbssBANK1                     bssBANK1         000126
__LbssBANK2                     bssBANK2         000126
__LbssCOMMON                    bssCOMMON        000126
__Lcinit                        cinit            00000F
__Lclrtext                      clrtext          000126
__Lcode                         code             000126
__Lcommon                       common           000126
__Lconfig                       config           000000
__LcstackBANK0                  cstackBANK0      000126
__LcstackBANK1                  cstackBANK1      000126
__LcstackCOMMON                 cstackCOMMON     000126
__LdataBANK0                    dataBANK0        000126
__LdataBANK1                    dataBANK1        000126
__LdataBANK2                    dataBANK2        000126
__LdataBANK3                    dataBANK3        000126
__LdataCOMMON                   dataCOMMON       000126
__Leeprom_data                  eeprom_data      000000
__Lend_init                     end_init         00000C
__Lfunctab                      functab          000069
__LidataBANK0                   idataBANK0       000126
__LidataBANK1                   idataBANK1       000126
__LidataBANK2                   idataBANK2       000126
__LidataBANK3                   idataBANK3       000126
__LidataCOMMON                  idataCOMMON      000126
__Linit                         init             00000C
__Linittext                     inittext         000126
__Lintentry                     intentry         000004
__Lmaintext                     maintext         000126
__Lmaintext_split_1             maintext_split_1 000126
__Lmaintext_split_2             maintext_split_2 000126
__Lpowerup                      powerup          000000
__Lram                          ram              000126
__Lreset_vec                    reset_vec        000000
__Lsfr0                         sfr0             000126
__Lsfr1                         sfr1             000126
__Lsfr2                         sfr2             000126
__Lsfr3                         sfr3             000126
__Lspace_0                      (abs)            000000
__Lspace_1                      (abs)            000000
__Lspace_2                      (abs)            000000
__Lspace_3                      (abs)            000000
__Lspace_4                      (abs)            000000
__Lstack                        stack            000000
__Lstrings                      strings          000126
__Lstringtext                   stringtext       000126
__Ltext                         text             000126
__S0                            (abs)            002000
__S1                            (abs)            0001DC
__S2                            (abs)            000000
__S3                            (abs)            000000
___awdiv                        text43           0015ED
___awdiv@counter                cstackBANK0      000025
___awdiv@dividend               cstackBANK0      000022
___awdiv@divisor                cstackBANK0      000020
___awdiv@quotient               cstackBANK0      000027
___awdiv@sign                   cstackBANK0      000026
___awmod                        text28           00152A
___awmod@counter                cstackBANK0      000025
___awmod@dividend               cstackBANK0      000022
___awmod@divisor                cstackBANK0      000020
___awmod@sign                   cstackBANK0      000026
___int_sp                       stack            000000
___latbits                      (abs)            000002
___lldiv                        text69           001585
___lldiv@counter                cstackBANK0      00002D
___lldiv@dividend               cstackBANK0      000024
___lldiv@divisor                cstackBANK0      000020
___lldiv@quotient               cstackBANK0      000029
___lwdiv                        text55           0012FE
___lwdiv@counter                cstackBANK0      000025
___lwdiv@dividend               cstackBANK0      000022
___lwdiv@divisor                cstackBANK0      000020
___lwdiv@quotient               cstackBANK0      000026
___sp                           stack            000000
___stackhi                      (abs)            000000
___stacklo                      (abs)            000000
___wmul                         text53           001BCD
___wmul@multiplicand            cstackBANK0      000022
___wmul@multiplier              cstackBANK0      000020
___wmul@product                 cstackBANK0      000024
__end_of_EEPROM_write           text15           001B02
__end_of_I2C_ack_receive        text66           0019CD
__end_of_I2C_init               text68           001C47
__end_of_I2C_start              text65           001A11
__end_of_I2C_stop               text67           001A07
__end_of_I2C_tx                 text64           001A5D
__end_of_MCP4725                text60           001B42
__end_of_Wifi_mode              text56           00147C
__end_of___awdiv                text43           001656
__end_of___awmod                text28           001585
__end_of___lldiv                text69           0015ED
__end_of___lwdiv                text55           001344
__end_of___wmul                 text53           001BF4
__end_of__fptable               functab          000093
__end_of__initialization        cinit            000065
__end_of__stringtab             strings          001812
__end_of_alt_atuador            text35           001E56
__end_of_codifica               text44           001800
__end_of_dac_init               text62           001F7C
__end_of_dac_write              text61           002000
__end_of_decodifica             text34           0016D4
__end_of_delay                  text63           001AE4
__end_of_dignum_apagar          text54           001B21
__end_of_dignum_conc            text52           001D2A
__end_of_dignum_tam             text42           001BA7
__end_of_dispLCD                text48           001F3F
__end_of_dispLCD_clr            text47           0019D4
__end_of_dispLCD_dataReg        text51           001DBB
__end_of_dispLCD_init           text46           001D5A
__end_of_dispLCD_instReg        text50           001753
__end_of_dispLCD_lincol         text49           001DEC
__end_of_dispLCD_num            text22           00076C
__end_of_dispLCD_str            text45           001FBB
__end_of_end_receita            text14           001A93
__end_of_fifo_add               text40           001D8A
__end_of_fifo_add_ciclo         text39           001A30
__end_of_fifo_add_control       text38           001C72
__end_of_fifo_add_tempo         text37           000830
__end_of_fifo_adrs              text36           0019B3
__end_of_fifo_alinharPrint      text41           0007F0
__end_of_fifo_delete            text33           001429
__end_of_fifo_disponivel        text32           001A3B
__end_of_fifo_indice            text31           000800
__end_of_fifo_indicePrint_dec   text30           001A46
__end_of_fifo_indicePrint_inc   text29           001CCD
__end_of_fifo_lerPos            text21           0019FD
__end_of_fifo_print             text27           000284
__end_of_fifo_tam               text26           0019B5
__end_of_getContCiclos          text25           0019DB
__end_of_getIndicePassos        text20           0019B7
__end_of_initEUSART             text2            0014D0
__end_of_initSerialIO           text24           001E8D
__end_of_init_atuadores         text23           0019C1
__end_of_intt1_1ms              text71           001C9F
__end_of_irq                    text70           001AC7
__end_of_ler_atuador            text17           001CFB
__end_of_main                   maintext_split_2 000FEE
__end_of_posAtual               text19           001AAA
__end_of_printExec              text18           000687
__end_of_salva_atuadores_init   text16           00152A
__end_of_salvar_dado            text13           001B63
__end_of_salvar_receita         text12           001E1F
__end_of_serialIObyteShift      text11           001BCD
__end_of_serialIOload           text10           0019C6
__end_of_serialIOscan           text9            001F03
__end_of_setT1                  text8            0007FC
__end_of_statusT1               text7            001A51
__end_of_teclado_borda          text5            001B84
__end_of_teclado_init           text4            0019E3
__end_of_teclado_scan           text6            001390
__end_of_timer1_init            text3            001A6E
__end_of_txEUSART               text59           0019BC
__end_of_txStatusEUSART         text58           0019F4
__end_of_wifi_init              text1            001A7F
__end_of_wifi_send              text57           001EC8
__fptable                       functab          000069
__initialization                cinit            00000F
__pbssBANK0                     bssBANK0         000044
__pbssBANK1                     bssBANK1         0000EC
__pbssBANK2                     bssBANK2         000138
__pbssCOMMON                    bssCOMMON        000076
__pcstackBANK0                  cstackBANK0      000020
__pcstackBANK1                  cstackBANK1      0000A0
__pcstackCOMMON                 cstackCOMMON     000070
__pdataBANK0                    dataBANK0        000064
__pdataBANK1                    dataBANK1        0000E2
__pdataBANK2                    dataBANK2        000110
__pdataBANK3                    dataBANK3        000190
__pdataCOMMON                   dataCOMMON       00007A
__pfunctab                      functab          000069
__pidataBANK0                   idataBANK0       001A1B
__pidataBANK1                   idataBANK1       001A11
__pidataBANK2                   idataBANK2       001BF4
__pidataBANK3                   idataBANK3       001390
__pidataCOMMON                  idataCOMMON      000003
__pintentry                     intentry         000004
__pmaintext                     maintext         00043E
__pstrings                      strings          001800
__pstringtext                   stringtext       001000
__ptext1                        text1            001A6E
__ptext10                       text10           0019C1
__ptext11                       text11           001BA7
__ptext12                       text12           001DEC
__ptext13                       text13           001B42
__ptext14                       text14           001A7F
__ptext15                       text15           001AE4
__ptext16                       text16           0014D0
__ptext17                       text17           001CCD
__ptext18                       text18           000565
__ptext19                       text19           001A93
__ptext2                        text2            00147C
__ptext20                       text20           0019B5
__ptext21                       text21           0019F4
__ptext22                       text22           000687
__ptext23                       text23           0019BC
__ptext24                       text24           001E56
__ptext25                       text25           0019D4
__ptext26                       text26           0019B3
__ptext27                       text27           000093
__ptext28                       text28           00152A
__ptext29                       text29           001C9F
__ptext3                        text3            001A5D
__ptext30                       text30           001A3B
__ptext31                       text31           0007FC
__ptext32                       text32           001A30
__ptext33                       text33           0013DC
__ptext34                       text34           001656
__ptext35                       text35           001E1F
__ptext36                       text36           0019B1
__ptext37                       text37           000800
__ptext38                       text38           001C47
__ptext39                       text39           001A25
__ptext4                        text4            0019DB
__ptext40                       text40           001D5A
__ptext41                       text41           00076C
__ptext42                       text42           001B84
__ptext43                       text43           0015ED
__ptext44                       text44           001753
__ptext45                       text45           001F7C
__ptext46                       text46           001D2A
__ptext47                       text47           0019CD
__ptext48                       text48           001F03
__ptext49                       text49           001DBB
__ptext5                        text5            001B63
__ptext50                       text50           0016D4
__ptext51                       text51           001D8A
__ptext52                       text52           001CFB
__ptext53                       text53           001BCD
__ptext54                       text54           001B02
__ptext55                       text55           0012FE
__ptext56                       text56           001429
__ptext57                       text57           001E8D
__ptext58                       text58           0019EB
__ptext59                       text59           0019B7
__ptext6                        text6            001344
__ptext60                       text60           001B21
__ptext61                       text61           001FBB
__ptext62                       text62           001F3F
__ptext63                       text63           001AC7
__ptext64                       text64           001A51
__ptext65                       text65           001A07
__ptext66                       text66           0019C6
__ptext67                       text67           0019FD
__ptext68                       text68           001C1C
__ptext69                       text69           001585
__ptext7                        text7            001A46
__ptext70                       text70           001AAA
__ptext71                       text71           001C72
__ptext8                        text8            0007F0
__ptext9                        text9            001EC8
__size_of_EEPROM_write          (abs)            000000
__size_of_I2C_ack_receive       (abs)            000000
__size_of_I2C_init              (abs)            000000
__size_of_I2C_start             (abs)            000000
__size_of_I2C_stop              (abs)            000000
__size_of_I2C_tx                (abs)            000000
__size_of_MCP4725               (abs)            000000
__size_of_Wifi_mode             (abs)            000000
__size_of___awdiv               (abs)            000000
__size_of___awmod               (abs)            000000
__size_of___lldiv               (abs)            000000
__size_of___lwdiv               (abs)            000000
__size_of___wmul                (abs)            000000
__size_of__fptable              (abs)            000000
__size_of_alt_atuador           (abs)            000000
__size_of_codifica              (abs)            000000
__size_of_dac_init              (abs)            000000
__size_of_dac_write             (abs)            000000
__size_of_decodifica            (abs)            000000
__size_of_delay                 (abs)            000000
__size_of_dignum_apagar         (abs)            000000
__size_of_dignum_conc           (abs)            000000
__size_of_dignum_tam            (abs)            000000
__size_of_dispLCD               (abs)            000000
__size_of_dispLCD_clr           (abs)            000000
__size_of_dispLCD_dataReg       (abs)            000000
__size_of_dispLCD_init          (abs)            000000
__size_of_dispLCD_instReg       (abs)            000000
__size_of_dispLCD_lincol        (abs)            000000
__size_of_dispLCD_num           (abs)            000000
__size_of_dispLCD_str           (abs)            000000
__size_of_end_receita           (abs)            000000
__size_of_fifo_add              (abs)            000000
__size_of_fifo_add_ciclo        (abs)            000000
__size_of_fifo_add_control      (abs)            000000
__size_of_fifo_add_tempo        (abs)            000000
__size_of_fifo_adrs             (abs)            000000
__size_of_fifo_alinharPrint     (abs)            000000
__size_of_fifo_delete           (abs)            000000
__size_of_fifo_disponivel       (abs)            000000
__size_of_fifo_indice           (abs)            000000
__size_of_fifo_indicePrint_dec  (abs)            000000
__size_of_fifo_indicePrint_inc  (abs)            000000
__size_of_fifo_lerPos           (abs)            000000
__size_of_fifo_print            (abs)            000000
__size_of_fifo_tam              (abs)            000000
__size_of_getContCiclos         (abs)            000000
__size_of_getIndicePassos       (abs)            000000
__size_of_initEUSART            (abs)            000000
__size_of_initSerialIO          (abs)            000000
__size_of_init_atuadores        (abs)            000000
__size_of_intt1_1ms             (abs)            000000
__size_of_irq                   (abs)            000000
__size_of_ler_atuador           (abs)            000000
__size_of_main                  (abs)            000000
__size_of_posAtual              (abs)            000000
__size_of_printExec             (abs)            000000
__size_of_salva_atuadores_init  (abs)            000000
__size_of_salvar_dado           (abs)            000000
__size_of_salvar_receita        (abs)            000000
__size_of_serialIObyteShift     (abs)            000000
__size_of_serialIOload          (abs)            000000
__size_of_serialIOscan          (abs)            000000
__size_of_setT1                 (abs)            000000
__size_of_statusT1              (abs)            000000
__size_of_teclado_borda         (abs)            000000
__size_of_teclado_init          (abs)            000000
__size_of_teclado_scan          (abs)            000000
__size_of_timer1_init           (abs)            000000
__size_of_txEUSART              (abs)            000000
__size_of_txStatusEUSART        (abs)            000000
__size_of_wifi_init             (abs)            000000
__size_of_wifi_send             (abs)            000000
__stringbase                    strings          001812
__stringtab                     strings          001800
_alt_atuador                    text35           001E1F
_atuador                        bssCOMMON        000079
_buscar_receita                 (abs)            000000
_codifica                       text44           001753
_cont_ciclos                    bssCOMMON        000076
_dac_init                       text62           001F3F
_dac_write                      text61           001FBB
_decodifica                     text34           001656
_delay                          text63           001AC7
_deletar_receita                (abs)            000000
_dignum_apagar                  text54           001B02
_dignum_conc                    text52           001CFB
_dignum_tam                     text42           001B84
_dispLCD                        text48           001F03
_dispLCD_clr                    text47           0019CD
_dispLCD_dataReg                text51           001D8A
_dispLCD_init                   text46           001D2A
_dispLCD_instReg                text50           0016D4
_dispLCD_lincol                 text49           001DBB
_dispLCD_num                    text22           000687
_dispLCD_str                    text45           001F7C
_end_receita                    text14           001A7F
_eusart                         dataBANK0        000064
_fifo_add                       text40           001D5A
_fifo_add_ciclo                 text39           001A25
_fifo_add_control               text38           001C47
_fifo_add_tempo                 text37           000800
_fifo_adrs                      text36           0019B1
_fifo_alinharPrint              text41           00076C
_fifo_delete                    text33           0013DC
_fifo_disponivel                text32           001A30
_fifo_indice                    text31           0007FC
_fifo_indicePrint_dec           text30           001A3B
_fifo_indicePrint_inc           text29           001C9F
_fifo_lerPos                    text21           0019F4
_fifo_print                     text27           000093
_fifo_print$392                 cstackBANK0      00002C
_fifo_tam                       text26           0019B3
_fila                           bssBANK0         000052
_formatar_receitas              (abs)            000000
_getContCiclos                  text25           0019D4
_getIndicePassos                text20           0019B5
_ind_fila                       dataBANK0        00006D
_ind_print                      dataBANK0        00006C
_indice_passos                  dataCOMMON       00007A
_initEUSART                     text2            00147C
_initSerialIO                   text24           001E56
_init_atuadores                 text23           0019BC
_intt1_1ms                      text71           001C72
_irq                            text70           001AAA
_lenSerialIO                    bssBANK0         00004F
_ler_atuador                    text17           001CCD
_main                           maintext         00043E
_main$1003                      cstackBANK1      0000CB
_main$991                       cstackBANK1      0000BB
_main$992                       cstackBANK1      0000BD
_main$993                       cstackBANK1      0000BF
_main$994                       cstackBANK1      0000C1
_main$995                       cstackBANK1      0000C3
_main$996                       cstackBANK1      0000C5
_main$997                       cstackBANK1      0000C7
_main$998                       cstackBANK1      0000C9
_posAtual                       text19           001A93
_printExec                      text18           000565
_printExec$417                  cstackBANK0      000040
_ptrSerialIn                    bssBANK0         000051
_ptrSerialOut                   bssBANK0         000050
_receita_livre                  (abs)            000000
_rxEUSART                       (abs)            000000
_rxErrorEUSART                  (abs)            000000
_rxResetErrorEUSART             (abs)            000000
_rxStatusEUSART                 (abs)            000000
_salva_atuadores_init           text16           0014D0
_salvar_dado                    text13           001B42
_salvar_receita                 text12           001DEC
_search                         (abs)            000000
_serialIObyteShift              text11           001BA7
_serialIOload                   text10           0019C1
_serialIOscan                   text9            001EC8
_setT1                          text8            0007F0
_statusT1                       text7            001A46
_t1cont                         bssBANK0         000044
_teclaAnterior                  bssBANK0         00004E
_teclado_borda                  text5            001B63
_teclado_init                   text4            0019DB
_teclado_scan                   text6            001344
_teclas                         dataBANK3        0001C2
_timer1_init                    text3            001A5D
_txEUSART                       text59           0019B7
_txStatusEUSART                 text58           0019EB
_wifi                           dataBANK3        0001D2
_wifi_init                      text1            001A6E
_wifi_receive                   (abs)            000000
_wifi_send                      text57           001E8D
alt_atuador@tecla               cstackBANK0      000022
btemp                           (abs)            00007E
clear_ram0                      clrtext          0019E3
codifica@dado                   cstackBANK0      000020
codifica@tipo                   cstackBANK0      000024
dac_write@code                  cstackBANK0      000024
decodifica@d                    cstackBANK0      000022
delay@t                         cstackBANK0      000020
dignum_apagar@ptrNum            cstackBANK0      000028
dignum_conc@dig                 cstackBANK0      00002B
dignum_conc@ptrNum              cstackBANK0      000026
dignum_tam@num                  cstackBANK0      000029
dignum_tam@tam                  cstackBANK0      00002C
dispLCD@col                     cstackBANK0      000029
dispLCD@lin                     cstackBANK0      000028
dispLCD@pos                     cstackBANK0      00002D
dispLCD@str                     cstackBANK0      00002A
dispLCD_dataReg@d               cstackBANK0      000021
dispLCD_instReg@i               cstackBANK0      000022
dispLCD_lincol@aux              cstackBANK0      000027
dispLCD_lincol@col              cstackBANK0      000023
dispLCD_lincol@lin              cstackBANK0      000026
dispLCD_num@col                 cstackBANK0      00002E
dispLCD_num@div                 cstackBANK0      000037
dispLCD_num@lin                 cstackBANK0      00002D
dispLCD_num@num                 cstackBANK0      00002F
dispLCD_num@sinal               cstackBANK0      000036
dispLCD_num@size                cstackBANK0      000035
dispLCD_num@tam                 cstackBANK0      000031
dispLCD_str@c                   cstackBANK0      00002C
dispLCD_str@lin                 cstackBANK0      00002B
dispLCD_str@str                 cstackBANK0      000028
end_of_initialization           cinit            000065
end_receita@x                   cstackBANK0      000020
entry__dispLCD_clr              functab          00007E
entry__dispLCD_init             functab          000081
entry__dispLCD_num              functab          000087
entry__wifi_send                functab          000075
fifo_add@passo                  cstackBANK0      000034
fifo_add_ciclo@ciclos           cstackBANK0      000020
fifo_add_control@c              cstackBANK0      000034
fifo_add_tempo@t                cstackBANK0      000034
fifo_alinharPrint@aux           cstackBANK0      000032
fifo_alinharPrint@cont          cstackBANK0      000030
fifo_alinharPrint@i             cstackBANK0      000031
fifo_lerPos@i                   cstackBANK0      000020
fifo_print@atraso               cstackBANK0      000031
fifo_print@comando              cstackBANK0      000032
fifo_print@completar            cstackBANK0      00002E
fifo_print@i                    cstackBANK0      000030
fifo_print@indPrint             cstackBANK0      00002F
fpbase                          functab          00006E
fptable                         functab          000069
fptotal                         (abs)            000018
initEUSART@baudRate             cstackBANK0      00002E
initSerialIO@length             cstackBANK0      000021
initSerialIO@ptrIn              cstackBANK0      000023
initSerialIO@ptrOut             cstackBANK0      000020
init_fetch0                     inittext         0012EB
init_ram0                       inittext         0012EF
interrupt_function              intentry         000004
intlevel0                       functab          000069
intlevel1                       functab          000069
intlevel2                       functab          000069
intlevel3                       functab          000069
intlevel4                       functab          000069
intlevel5                       functab          000069
ler_atuador@tecla               cstackBANK0      000022
main@F1614                      dataBANK3        0001AE
main@aux                        cstackBANK1      0000BA
main@auxPasso                   cstackBANK1      0000B9
main@botao                      cstackBANK1      0000DB
main@ciclos                     cstackBANK1      0000DC
main@contPassos                 cstackBANK1      0000B8
main@estado                     cstackBANK1      0000E0
main@i                          cstackBANK1      0000D3
main@i_1025                     cstackBANK1      0000D7
main@i_1028                     cstackBANK1      0000D9
main@i_974                      cstackBANK1      0000D5
main@i_980                      cstackBANK1      0000CF
main@init_cond                  cstackBANK1      0000CD
main@j                          cstackBANK1      0000D4
main@j_1026                     cstackBANK1      0000D8
main@j_1029                     cstackBANK1      0000DA
main@j_975                      cstackBANK1      0000D6
main@lema                       cstackBANK1      0000A4
main@meAtuadores                cstackBANK1      0000D1
main@num                        cstackBANK1      0000DE
main@ptr                        cstackBANK1      0000D2
main@tecla                      cstackBANK1      0000E1
main@vetorIn                    cstackBANK1      0000D0
main@vetorOut                   cstackBANK1      0000CE
pnum$maintext                   (abs)            000018
pnum$maintext_split_1           (abs)            000063
pnum$maintext_split_2           (abs)            000064
posAtual@ind                    cstackBANK0      000022
posAtual@passo                  cstackBANK0      000023
printExec@col                   cstackBANK0      000042
printExec@ind                   cstackBANK0      000039
printExec@passo                 cstackBANK0      000043
psplit$0                        (abs)            180063
psplit$1                        (abs)            630064
reset_vec                       reset_vec        000000
salva_atuadores_init@condi_init cstackBANK0      000024
salva_atuadores_init@dado       cstackBANK0      000029
salva_atuadores_init@mask       cstackBANK0      00002A
salva_atuadores_init@pt         cstackBANK0      000028
salvar_dado@adrs                cstackBANK0      00002B
salvar_dado@aux                 cstackBANK0      00002C
salvar_dado@col                 cstackBANK0      000027
salvar_dado@data                cstackBANK0      000028
salvar_receita@adrs             cstackBANK0      000027
salvar_receita@aux              cstackBANK0      00002B
salvar_receita@data             cstackBANK0      000028
salvar_receita@i                cstackBANK0      00002D
saved_w                         (abs)            00007E
serialIObyteShift@dataBit       cstackBANK0      000023
serialIObyteShift@dataIn        cstackBANK0      000021
serialIObyteShift@dataOut       cstackBANK0      000022
serialIOscan@i                  cstackBANK0      000029
serialIOscan@j                  cstackBANK0      000028
setT1@c                         cstackBANK0      000020
start                           init             00000C
start_initialization            cinit            00000F
teclado_borda@aux               cstackBANK0      000028
teclado_borda@tecla             cstackBANK0      000029
teclado_scan@c                  cstackBANK0      000026
teclado_scan@l                  cstackBANK0      000025
teclado_scan@tecla              cstackBANK0      000024
txEUSART@d                      cstackBANK0      000020
wifi_init@br                    cstackBANK0      000038
wifi_send@msg                   cstackBANK0      000021
wtemp0                          (abs)            00007E


FUNCTION INFORMATION:

 *************** function _main *****************
 Defined at:
		line 70 in file "main.c"
 Parameters:    Size  Location     Type
		None
 Auto vars:     Size  Location     Type
  j               1   58[BANK1 ] unsigned char 
  j               1   56[BANK1 ] unsigned char 
  j               1   54[BANK1 ] unsigned char 
  j               1   52[BANK1 ] unsigned char 
  i               1   57[BANK1 ] unsigned char 
  i               1   55[BANK1 ] unsigned char 
  i               1   53[BANK1 ] unsigned char 
  i               1   51[BANK1 ] unsigned char 
  lema           20    4[BANK1 ] unsigned char [20]
  ptr             1   50[BANK1 ] PTR unsigned char 
		 -> main@lema(20), 
  i               1   47[BANK1 ] unsigned char 
  vetor_aux      16    0        unsigned char [16]
  num             2   62[BANK1 ] unsigned int 
  ciclos          2   60[BANK1 ] unsigned int 
  pt              2    0        PTR unsigned char 
  tecla           1   65[BANK1 ] unsigned char 
  estado          1   64[BANK1 ] unsigned char 
  botao           1   59[BANK1 ] unsigned char 
  meAtuadores     1   49[BANK1 ] unsigned char 
  vetorIn         1   48[BANK1 ] unsigned char [1]
  vetorOut        1   46[BANK1 ] unsigned char [1]
  init_cond       1   45[BANK1 ] unsigned char 
  aux             1   26[BANK1 ] unsigned char 
  auxPasso        1   25[BANK1 ] unsigned char 
  contPassos      1   24[BANK1 ] unsigned char 
  atuador         1    0        unsigned char 
 Return value:  Size  Location     Type
                  1    wreg      void 
 Registers used:
		wreg, fsr0l, fsr0h, status,2, status,0, btemp+1, pclath, cstack
 Tracked objects:
		On entry : 
		On exit  : 
		Unchanged: 
 Data sizes:     COMMON   BANK0   BANK1   BANK3   BANK2
      Params:         0       0       0       0       0
      Locals:         0       0      62       0       0
      Temps:          0       0       4       0       0
      Totals:         0       0      66       0       0
Total ram usage:       66 bytes
 Hardware stack levels required when called:    6
 This function calls:
		_I2C_init
		_MCP4725
		_Wifi_mode
		___awmod
		_alt_atuador
		_delay
		_dignum_apagar
		_dignum_conc
		_dispLCD
		_dispLCD_clr
		_dispLCD_dataReg
		_dispLCD_init
		_dispLCD_lincol
		_dispLCD_num
		_dispLCD_str
		_fifo_add
		_fifo_add_ciclo
		_fifo_add_control
		_fifo_add_tempo
		_fifo_adrs
		_fifo_delete
		_fifo_disponivel
		_fifo_indice
		_fifo_indicePrint_dec
		_fifo_indicePrint_inc
		_fifo_print
		_fifo_tam
		_getContCiclos
		_getIndicePassos
		_initSerialIO
		_init_atuadores
		_ler_atuador
		_printExec
		_salva_atuadores_init
		_salvar_dado
		_salvar_receita
		_serialIOscan
		_setT1
		_statusT1
		_teclado_borda
		_teclado_init
		_timer1_init
		_wifi_init
 This function is called by:
		Startup code after reset
 This function uses a non-reentrant model


 *************** function _wifi_init *****************
 Defined at:
		line 12 in file "wifi.c"
 Parameters:    Size  Location     Type
  br              4   24[BANK0 ] long 
 Auto vars:     Size  Location     Type
		None
 Return value:  Size  Location     Type
                  1    wreg      void 
 Registers used:
		wreg, status,2, status,0, pclath, cstack
 Tracked objects:
		On entry : 
		On exit  : 
		Unchanged: 
 Data sizes:     COMMON   BANK0   BANK1   BANK3   BANK2
      Params:         0       4       0       0       0
      Locals:         0       0       0       0       0
      Temps:          0       0       0       0       0
      Totals:         0       4       0       0       0
Total ram usage:        4 bytes
 Hardware stack levels used:    1
 Hardware stack levels required when called:    4
 This function calls:
		_initEUSART
 This function is called by:
		_main
 This function uses a non-reentrant model


 *************** function _initEUSART *****************
 Defined at:
		line 137 in file "eusart.c"
 Parameters:    Size  Location     Type
  baudRate        4   14[BANK0 ] unsigned long 
 Auto vars:     Size  Location     Type
		None
 Return value:  Size  Location     Type
                  1    wreg      void 
 Registers used:
		wreg, status,2, status,0, pclath, cstack
 Tracked objects:
		On entry : 
		On exit  : 
		Unchanged: 
 Data sizes:     COMMON   BANK0   BANK1   BANK3   BANK2
      Params:         0       4       0       0       0
      Locals:         0       0       0       0       0
      Temps:          0       6       0       0       0
      Totals:         0      10       0       0       0
Total ram usage:       10 bytes
 Hardware stack levels used:    1
 Hardware stack levels required when called:    3
 This function calls:
		___lldiv
 This function is called by:
		_wifi_init
 This function uses a non-reentrant model


 *************** function _timer1_init *****************
 Defined at:
		line 16 in file "timer1.c"
 Parameters:    Size  Location     Type
		None
 Auto vars:     Size  Location     Type
		None
 Return value:  Size  Location     Type
                  1    wreg      void 
 Registers used:
		wreg, status,2, status,0
 Tracked objects:
		On entry : 
		On exit  : 
		Unchanged: 
 Data sizes:     COMMON   BANK0   BANK1   BANK3   BANK2
      Params:         0       0       0       0       0
      Locals:         0       0       0       0       0
      Temps:          0       0       0       0       0
      Totals:         0       0       0       0       0
Total ram usage:        0 bytes
 Hardware stack levels used:    1
 Hardware stack levels required when called:    2
 This function calls:
		Nothing
 This function is called by:
		_main
 This function uses a non-reentrant model


 *************** function _teclado_init *****************
 Defined at:
		line 29 in file "teclado.c"
 Parameters:    Size  Location     Type
		None
 Auto vars:     Size  Location     Type
		None
 Return value:  Size  Location     Type
                  1    wreg      void 
 Registers used:
		wreg, status,2
 Tracked objects:
		On entry : 
		On exit  : 
		Unchanged: 
 Data sizes:     COMMON   BANK0   BANK1   BANK3   BANK2
      Params:         0       0       0       0       0
      Locals:         0       0       0       0       0
      Temps:          0       0       0       0       0
      Totals:         0       0       0       0       0
Total ram usage:        0 bytes
 Hardware stack levels used:    1
 Hardware stack levels required when called:    2
 This function calls:
		Nothing
 This function is called by:
		_main
 This function uses a non-reentrant model


 *************** function _teclado_borda *****************
 Defined at:
		line 92 in file "teclado.c"
 Parameters:    Size  Location     Type
		None
 Auto vars:     Size  Location     Type
  tecla           1    9[BANK0 ] unsigned char 
  aux             1    8[BANK0 ] unsigned char 
 Return value:  Size  Location     Type
                  1    wreg      unsigned char 
 Registers used:
		wreg, fsr0l, fsr0h, status,2, status,0, pclath, cstack
 Tracked objects:
		On entry : 
		On exit  : 
		Unchanged: 
 Data sizes:     COMMON   BANK0   BANK1   BANK3   BANK2
      Params:         0       0       0       0       0
      Locals:         0       2       0       0       0
      Temps:          0       1       0       0       0
      Totals:         0       3       0       0       0
Total ram usage:        3 bytes
 Hardware stack levels used:    1
 Hardware stack levels required when called:    3
 This function calls:
		_teclado_scan
 This function is called by:
		_main
 This function uses a non-reentrant model


 *************** function _teclado_scan *****************
 Defined at:
		line 55 in file "teclado.c"
 Parameters:    Size  Location     Type
		None
 Auto vars:     Size  Location     Type
  c               1    6[BANK0 ] unsigned char 
  l               1    5[BANK0 ] unsigned char 
  tecla           1    4[BANK0 ] unsigned char 
 Return value:  Size  Location     Type
                  1    wreg      unsigned char 
 Registers used:
		wreg, fsr0l, fsr0h, status,2, status,0
 Tracked objects:
		On entry : 
		On exit  : 
		Unchanged: 
 Data sizes:     COMMON   BANK0   BANK1   BANK3   BANK2
      Params:         0       0       0       0       0
      Locals:         0       3       0       0       0
      Temps:          0       4       0       0       0
      Totals:         0       7       0       0       0
Total ram usage:        7 bytes
 Hardware stack levels used:    1
 Hardware stack levels required when called:    2
 This function calls:
		Nothing
 This function is called by:
		_teclado_borda
 This function uses a non-reentrant model


 *************** function _statusT1 *****************
 Defined at:
		line 38 in file "timer1.c"
 Parameters:    Size  Location     Type
		None
 Auto vars:     Size  Location     Type
		None
 Return value:  Size  Location     Type
                  4    0[BANK0 ] unsigned long 
 Registers used:
		wreg
 Tracked objects:
		On entry : 
		On exit  : 
		Unchanged: 
 Data sizes:     COMMON   BANK0   BANK1   BANK3   BANK2
      Params:         0       4       0       0       0
      Locals:         0       0       0       0       0
      Temps:          0       0       0       0       0
      Totals:         0       4       0       0       0
Total ram usage:        4 bytes
 Hardware stack levels used:    1
 Hardware stack levels required when called:    2
 This function calls:
		Nothing
 This function is called by:
		_main
 This function uses a non-reentrant model


 *************** function _setT1 *****************
 Defined at:
		line 31 in file "timer1.c"
 Parameters:    Size  Location     Type
  c               4    0[BANK0 ] unsigned long 
 Auto vars:     Size  Location     Type
		None
 Return value:  Size  Location     Type
                  1    wreg      void 
 Registers used:
		wreg
 Tracked objects:
		On entry : 
		On exit  : 
		Unchanged: 
 Data sizes:     COMMON   BANK0   BANK1   BANK3   BANK2
      Params:         0       4       0       0       0
      Locals:         0       0       0       0       0
      Temps:          0       0       0       0       0
      Totals:         0       4       0       0       0
Total ram usage:        4 bytes
 Hardware stack levels used:    1
 Hardware stack levels required when called:    2
 This function calls:
		Nothing
 This function is called by:
		_main
 This function uses a non-reentrant model


 *************** function _serialIOscan *****************
 Defined at:
		line 76 in file "serialIO.c"
 Parameters:    Size  Location     Type
		None
 Auto vars:     Size  Location     Type
  i               1    9[BANK0 ] unsigned char 
  j               1    8[BANK0 ] unsigned char 
 Return value:  Size  Location     Type
                  1    wreg      void 
 Registers used:
		wreg, fsr0l, fsr0h, status,2, status,0, pclath, cstack
 Tracked objects:
		On entry : 
		On exit  : 
		Unchanged: 
 Data sizes:     COMMON   BANK0   BANK1   BANK3   BANK2
      Params:         0       0       0       0       0
      Locals:         0       2       0       0       0
      Temps:          0       4       0       0       0
      Totals:         0       6       0       0       0
Total ram usage:        6 bytes
 Hardware stack levels used:    1
 Hardware stack levels required when called:    3
 This function calls:
		_serialIObyteShift
		_serialIOload
 This function is called by:
		_main
 This function uses a non-reentrant model


 *************** function _serialIOload *****************
 Defined at:
		line 45 in file "serialIO.c"
 Parameters:    Size  Location     Type
		None
 Auto vars:     Size  Location     Type
		None
 Return value:  Size  Location     Type
                  1    wreg      void 
 Registers used:
		None
 Tracked objects:
		On entry : 
		On exit  : 
		Unchanged: 
 Data sizes:     COMMON   BANK0   BANK1   BANK3   BANK2
      Params:         0       0       0       0       0
      Locals:         0       0       0       0       0
[...]
		Unchanged: 
 Data sizes:     COMMON   BANK0   BANK1   BANK3   BANK2
      Params:         0       1       0       0       0
      Locals:         0       0       0       0       0
      Temps:          0       0       0       0       0
      Totals:         0       1       0       0       0
Total ram usage:        1 bytes
 Hardware stack levels used:    1
 Hardware stack levels required when called:    4
 This function calls:
		_wifi_send
 This function is called by:
		_main
 This function uses a non-reentrant model


 *************** function _wifi_send *****************
 Defined at:
		line 17 in file "wifi.c"
 Parameters:    Size  Location     Type
  msg             2    1[BANK0 ] PTR const unsigned char 
		 -> STR_35(14), STR_34(40), Wifi_cipsend@vtr(30), Wifi_cipsend@str(30), 
		 -> STR_33(21), STR_32(14), STR_31(15), STR_30(18), 
		 -> STR_29(11), STR_28(11), Wifi_connect@str(40), STR_27(14), 
		 -> STR_26(41), STR_25(14), STR_24(41), STR_23(14), 
		 -> STR_22(14), 
 Auto vars:     Size  Location     Type
		None
 Return value:  Size  Location     Type
                  1    wreg      void 
 Registers used:
		wreg, fsr0l, fsr0h, status,2, status,0, btemp+1, pclath, cstack
 Tracked objects:
		On entry : 
		On exit  : 
		Unchanged: 
 Data sizes:     COMMON   BANK0   BANK1   BANK3   BANK2
      Params:         0       2       0       0       0
      Locals:         0       0       0       0       0
      Temps:          0       1       0       0       0
      Totals:         0       3       0       0       0
Total ram usage:        3 bytes
 Hardware stack levels used:    1
 Hardware stack levels required when called:    3
 This function calls:
		_txEUSART
		_txStatusEUSART
 This function is called by:
		_Wifi_mode
		_Wifi_connect
		_Wifi_scan
		_Wifi_ip
		_Wifi_autoconnect
		_Wifi_config_servidor
		_Wifi_cipsend
 This function uses a non-reentrant model


 *************** function _txStatusEUSART *****************
 Defined at:
		line 126 in file "eusart.c"
 Parameters:    Size  Location     Type
		None
 Auto vars:     Size  Location     Type
		None
 Return value:  Size  Location     Type
                  1    wreg      unsigned char 
 Registers used:
		wreg, status,0
 Tracked objects:
		On entry : 
		On exit  : 
		Unchanged: 
 Data sizes:     COMMON   BANK0   BANK1   BANK3   BANK2
      Params:         0       0       0       0       0
      Locals:         0       0       0       0       0
      Temps:          0       0       0       0       0
      Totals:         0       0       0       0       0
Total ram usage:        0 bytes
 Hardware stack levels used:    1
 Hardware stack levels required when called:    2
 This function calls:
		Nothing
 This function is called by:
		_wifi_send
 This function uses a non-reentrant model


 *************** function _txEUSART *****************
 Defined at:
		line 115 in file "eusart.c"
 Parameters:    Size  Location     Type
  d               1    0[BANK0 ] unsigned char 
 Auto vars:     Size  Location     Type
		None
 Return value:  Size  Location     Type
                  1    wreg      void 
 Registers used:
		wreg
 Tracked objects:
		On entry : 
		On exit  : 
		Unchanged: 
 Data sizes:     COMMON   BANK0   BANK1   BANK3   BANK2
      Params:         0       1       0       0       0
      Locals:         0       0       0       0       0
      Temps:          0       0       0       0       0
      Totals:         0       1       0       0       0
Total ram usage:        1 bytes
 Hardware stack levels used:    1
 Hardware stack levels required when called:    2
 This function calls:
		Nothing
 This function is called by:
		_wifi_send
 This function uses a non-reentrant model


 *************** function _MCP4725 *****************
 Defined at:
		line 35 in file "MCP4725.c"
 Parameters:    Size  Location     Type
  Vout            2    8[BANK0 ] unsigned int 
 Auto vars:     Size  Location     Type
		None
 Return value:  Size  Location     Type
                  1    wreg      void 
 Registers used:
		wreg, status,2, status,0, pclath, cstack
 Tracked objects:
		On entry : 
		On exit  : 
		Unchanged: 
 Data sizes:     COMMON   BANK0   BANK1   BANK3   BANK2
      Params:         0       2       0       0       0
      Locals:         0       0       0       0       0
      Temps:          0       0       0       0       0
      Totals:         0       2       0       0       0
Total ram usage:        2 bytes
 Hardware stack levels used:    1
 Hardware stack levels required when called:    4
 This function calls:
		_I2C_stop
		_dac_init
		_dac_write
		_delay
 This function is called by:
		_main
 This function uses a non-reentrant model


 *************** function _dac_write *****************
 Defined at:
		line 25 in file "MCP4725.c"
 Parameters:    Size  Location     Type
  code            2    4[BANK0 ] unsigned int 
 Auto vars:     Size  Location     Type
		None
 Return value:  Size  Location     Type
                  1    wreg      void 
 Registers used:
		wreg, status,2, status,0, pclath, cstack
 Tracked objects:
		On entry : 
		On exit  : 
		Unchanged: 
 Data sizes:     COMMON   BANK0   BANK1   BANK3   BANK2
      Params:         0       2       0       0       0
      Locals:         0       0       0       0       0
      Temps:          0       2       0       0       0
      Totals:         0       4       0       0       0
Total ram usage:        4 bytes
 Hardware stack levels used:    1
 Hardware stack levels required when called:    3
 This function calls:
		_I2C_ack_receive
		_I2C_tx
		_delay
 This function is called by:
		_MCP4725
		_MCP4725X
 This function uses a non-reentrant model


 *************** function _dac_init *****************
 Defined at:
		line 13 in file "MCP4725.c"
 Parameters:    Size  Location     Type
		None
 Auto vars:     Size  Location     Type
		None
 Return value:  Size  Location     Type
                  1    wreg      void 
 Registers used:
		wreg, status,2, status,0, pclath, cstack
 Tracked objects:
		On entry : 
		On exit  : 
		Unchanged: 
 Data sizes:     COMMON   BANK0   BANK1   BANK3   BANK2
      Params:         0       0       0       0       0
      Locals:         0       0       0       0       0
      Temps:          0       0       0       0       0
      Totals:         0       0       0       0       0
Total ram usage:        0 bytes
 Hardware stack levels used:    1
 Hardware stack levels required when called:    3
 This function calls:
		_I2C_ack_receive
		_I2C_start
		_I2C_tx
		_delay
 This function is called by:
		_MCP4725
		_MCP4725X
 This function uses a non-reentrant model


 *************** function _delay *****************
 Defined at:
		line 10 in file "delay.c"
 Parameters:    Size  Location     Type
  t               2    0[BANK0 ] unsigned int 
 Auto vars:     Size  Location     Type
		None
 Return value:  Size  Location     Type
                  1    wreg      void 
 Registers used:
		wreg, status,2, status,0
 Tracked objects:
		On entry : 
		On exit  : 
		Unchanged: 
 Data sizes:     COMMON   BANK0   BANK1   BANK3   BANK2
      Params:         0       2       0       0       0
      Locals:         0       0       0       0       0
      Temps:          0       2       0       0       0
      Totals:         0       4       0       0       0
Total ram usage:        4 bytes
 Hardware stack levels used:    1
 Hardware stack levels required when called:    2
 This function calls:
		Nothing
 This function is called by:
		_dispLCD_init
		_main
		_dac_init
		_dac_write
		_MCP4725
		_MCP4725X
 This function uses a non-reentrant model


 *************** function _I2C_tx *****************
 Defined at:
		line 36 in file "spi_i2c.c"
 Parameters:    Size  Location     Type
  b               1    wreg     unsigned char 
 Auto vars:     Size  Location     Type
  b               1    0[BANK0 ] unsigned char 
 Return value:  Size  Location     Type
                  1    wreg      void 
 Registers used:
		wreg
 Tracked objects:
		On entry : 
		On exit  : 
		Unchanged: 
 Data sizes:     COMMON   BANK0   BANK1   BANK3   BANK2
      Params:         0       0       0       0       0
      Locals:         0       1       0       0       0
      Temps:          0       0       0       0       0
      Totals:         0       1       0       0       0
Total ram usage:        1 bytes
 Hardware stack levels used:    1
 Hardware stack levels required when called:    2
 This function calls:
		Nothing
 This function is called by:
		_dac_init
		_dac_write
 This function uses a non-reentrant model


 *************** function _I2C_start *****************
 Defined at:
		line 22 in file "spi_i2c.c"
 Parameters:    Size  Location     Type
		None
 Auto vars:     Size  Location     Type
		None
 Return value:  Size  Location     Type
                  1    wreg      void 
 Registers used:
		None
 Tracked objects:
		On entry : 
		On exit  : 
		Unchanged: 
 Data sizes:     COMMON   BANK0   BANK1   BANK3   BANK2
      Params:         0       0       0       0       0
      Locals:         0       0       0       0       0
      Temps:          0       0       0       0       0
      Totals:         0       0       0       0       0
Total ram usage:        0 bytes
 Hardware stack levels used:    1
 Hardware stack levels required when called:    2
 This function calls:
		Nothing
 This function is called by:
		_dac_init
 This function uses a non-reentrant model


 *************** function _I2C_ack_receive *****************
 Defined at:
		line 56 in file "spi_i2c.c"
 Parameters:    Size  Location     Type
		None
 Auto vars:     Size  Location     Type
		None
 Return value:  Size  Location     Type
                  1    wreg      void 
 Registers used:
		None
 Tracked objects:
		On entry : 
		On exit  : 
		Unchanged: 
 Data sizes:     COMMON   BANK0   BANK1   BANK3   BANK2
      Params:         0       0       0       0       0
      Locals:         0       0       0       0       0
      Temps:          0       0       0       0       0
      Totals:         0       0       0       0       0
Total ram usage:        0 bytes
 Hardware stack levels used:    1
 Hardware stack levels required when called:    2
 This function calls:
		Nothing
 This function is called by:
		_dac_init
		_dac_write
 This function uses a non-reentrant model


 *************** function _I2C_stop *****************
 Defined at:
		line 41 in file "spi_i2c.c"
 Parameters:    Size  Location     Type
		None
 Auto vars:     Size  Location     Type
		None
 Return value:  Size  Location     Type
                  1    wreg      void 
 Registers used:
		None
 Tracked objects:
		On entry : 
		On exit  : 
		Unchanged: 
 Data sizes:     COMMON   BANK0   BANK1   BANK3   BANK2
      Params:         0       0       0       0       0
      Locals:         0       0       0       0       0
      Temps:          0       0       0       0       0
      Totals:         0       0       0       0       0
Total ram usage:        0 bytes
 Hardware stack levels used:    1
 Hardware stack levels required when called:    2
 This function calls:
		Nothing
 This function is called by:
		_MCP4725
		_MCP4725X
 This function uses a non-reentrant model


 *************** function _I2C_init *****************
 Defined at:
		line 12 in file "spi_i2c.c"
 Parameters:    Size  Location     Type
  freq            4   14[BANK0 ] unsigned long 
 Auto vars:     Size  Location     Type
		None
 Return value:  Size  Location     Type
                  1    wreg      void 
 Registers used:
		wreg, status,2, status,0, pclath, cstack
 Tracked objects:
		On entry : 
		On exit  : 
		Unchanged: 
 Data sizes:     COMMON   BANK0   BANK1   BANK3   BANK2
      Params:         0       4       0       0       0
      Locals:         0       0       0       0       0
      Temps:          0       0       0       0       0
      Totals:         0       4       0       0       0
Total ram usage:        4 bytes
 Hardware stack levels used:    1
 Hardware stack levels required when called:    3
 This function calls:
		___lldiv
 This function is called by:
		_main
 This function uses a non-reentrant model


 *************** function ___lldiv *****************
 Defined at:
		line 5 in file "C:\Program Files\Microchip\xc8\v2.30\pic\sources\c90\common\__lldiv.c"
 Parameters:    Size  Location     Type
  divisor         4    0[BANK0 ] unsigned long 
  dividend        4    4[BANK0 ] unsigned long 
 Auto vars:     Size  Location     Type
  quotient        4    9[BANK0 ] unsigned long 
  counter         1   13[BANK0 ] unsigned char 
 Return value:  Size  Location     Type
                  4    0[BANK0 ] unsigned long 
 Registers used:
		wreg, status,2, status,0
 Tracked objects:
		On entry : 
		On exit  : 
		Unchanged: 
 Data sizes:     COMMON   BANK0   BANK1   BANK3   BANK2
      Params:         0       8       0       0       0
      Locals:         0       5       0       0       0
      Temps:          0       1       0       0       0
      Totals:         0      14       0       0       0
Total ram usage:       14 bytes
 Hardware stack levels used:    1
 Hardware stack levels required when called:    2
 This function calls:
		Nothing
 This function is called by:
		_I2C_init
		_initEUSART
 This function uses a non-reentrant model


 *************** function _irq *****************
 Defined at:
		line 57 in file "main.c"
 Parameters:    Size  Location     Type
		None
 Auto vars:     Size  Location     Type
		None
 Return value:  Size  Location     Type
                  1    wreg      void 
 Registers used:
		wreg, status,2, status,0, pclath, cstack
 Tracked objects:
		On entry : 
		On exit  : 
		Unchanged: 
 Data sizes:     COMMON   BANK0   BANK1   BANK3   BANK2
      Params:         0       0       0       0       0
      Locals:         0       0       0       0       0
      Temps:          2       0       0       0       0
      Totals:         2       0       0       0       0
Total ram usage:        2 bytes
 Hardware stack levels used:    1
 Hardware stack levels required when called:    1
 This function calls:
		_intt1_1ms
 This function is called by:
		Interrupt level 1
 This function uses a non-reentrant model


 *************** function _intt1_1ms *****************
 Defined at:
		line 5 in file "timer1.c"
 Parameters:    Size  Location     Type
		None
 Auto vars:     Size  Location     Type
		None
 Return value:  Size  Location     Type
                  1    wreg      void 
 Registers used:
		wreg
 Tracked objects:
		On entry : 
		On exit  : 
		Unchanged: 
 Data sizes:     COMMON   BANK0   BANK1   BANK3   BANK2
      Params:         0       0       0       0       0
      Locals:         0       0       0       0       0
      Temps:          4       0       0       0       0
      Totals:         4       0       0       0       0
Total ram usage:        4 bytes
 Hardware stack levels used:    1
 This function calls:
		Nothing
 This function is called by:
		_irq
 This function uses a non-reentrant model



MODULE INFORMATION

Module		Function		Class		Link	Load	Size
delay.c
		_delay         		CODE           	1AC7	0000	29

delay.c estimated size: 29

C:\Program Files\Microchip\xc8\v2.30\pic\sources\c90\common\__lldiv.c
		___lldiv       		CODE           	1585	0000	104

C:\Program Files\Microchip\xc8\v2.30\pic\sources\c90\common\__lldiv.c estimated size: 104

serialIO.c
		_serialIOload  		CODE           	19C1	0000	5
		_serialIOscan  		CODE           	1EC8	0000	59
		_initSerialIO  		CODE           	1E56	0000	55
		_serialIObyteShift		CODE           	1BA7	0000	38

serialIO.c estimated size: 157

eusart.c
		_txEUSART      		CODE           	19B7	0000	5
		_initEUSART    		CODE           	147C	0000	84
		_txStatusEUSART		CODE           	19EB	0000	9

eusart.c estimated size: 98

fifo.c
		_fifo_add_control		CODE           	1C47	0000	43
		_posAtual      		CODE           	1A93	0000	23
		_fifo_add_ciclo		CODE           	1A25	0000	11
		_fifo_add_tempo		CODE           	0800	0000	48
		_fifo_indicePrint_inc		CODE           	1C9F	0000	46
		_dignum_tam    		CODE           	1B84	0000	35
		_dignum_conc   		CODE           	1CFB	0000	47
		_fifo_tam      		CODE           	19B3	0000	2
		_salva_atuadores_init		CODE           	14D0	0000	90
		_fifo_lerPos   		CODE           	19F4	0000	9
		_dignum_apagar 		CODE           	1B02	0000	31
		_fifo_indice   		CODE           	07FC	0000	4
		_ler_atuador   		CODE           	1CCD	0000	46
		_fifo_delete   		CODE           	13DC	0000	77
		_codifica      		CODE           	1753	0000	173
		_decodifica    		CODE           	1656	0000	126
		_fifo_print    		CODE           	0093	0000	497
		_alt_atuador   		CODE           	1E1F	0000	55
		_fifo_indicePrint_dec		CODE           	1A3B	0000	11
		_fifo_alinharPrint		CODE           	076C	0000	132
		_getIndicePassos		CODE           	19B5	0000	2
		_init_atuadores		CODE           	19BC	0000	5
		_fifo_add      		CODE           	1D5A	0000	48
		_fifo_adrs     		CODE           	19B1	0000	2
		_fifo_disponivel		CODE           	1A30	0000	11
		_printExec     		CODE           	0565	0000	290
		_getContCiclos 		CODE           	19D4	0000	7

fifo.c estimated size: 1871

C:\Program Files\Microchip\xc8\v2.30\pic\sources\c90\common\awmod.c
		___awmod       		CODE           	152A	0000	91

C:\Program Files\Microchip\xc8\v2.30\pic\sources\c90\common\awmod.c estimated size: 91

teclado.c
		_teclado_scan  		CODE           	1344	0000	76
		_teclado_init  		CODE           	19DB	0000	8
		_teclado_borda 		CODE           	1B63	0000	33

teclado.c estimated size: 117

C:\Program Files\Microchip\xc8\v2.30\pic\sources\c90\common\lwdiv.c
		___lwdiv       		CODE           	12FE	0000	70

C:\Program Files\Microchip\xc8\v2.30\pic\sources\c90\common\lwdiv.c estimated size: 70

eeprom.c
		_EEPROM_write  		CODE           	1AE4	0000	30
		_salvar_dado   		CODE           	1B42	0000	33
		_end_receita   		CODE           	1A7F	0000	20
		_salvar_receita		CODE           	1DEC	0000	51

eeprom.c estimated size: 134

MCP4725.c
		_MCP4725       		CODE           	1B21	0000	33
		_dac_write     		CODE           	1FBB	0000	69
		_dac_init      		CODE           	1F3F	0000	61

MCP4725.c estimated size: 163

C:\Program Files\Microchip\xc8\v2.30\pic\sources\c90\common\awdiv.c
		___awdiv       		CODE           	15ED	0000	105

C:\Program Files\Microchip\xc8\v2.30\pic\sources\c90\common\awdiv.c estimated size: 105

shared
		__stringtab    		STRING         	1800	0000	18
		__initialization		CODE           	000F	0000	86
		__fptable      		ENTRY          	0069	0000	42

shared estimated size: 146

C:\Program Files\Microchip\xc8\v2.30\pic\sources\c90\common\Umul16.c
		___wmul        		CODE           	1BCD	0000	39

C:\Program Files\Microchip\xc8\v2.30\pic\sources\c90\common\Umul16.c estimated size: 39

wifi.c
		_wifi_init     		CODE           	1A6E	0000	17
		_wifi_send     		CODE           	1E8D	0000	59
		_Wifi_mode     		CODE           	1429	0000	83

wifi.c estimated size: 159

spi_i2c.c
		_I2C_stop      		CODE           	19FD	0000	10
		_I2C_init      		CODE           	1C1C	0000	43
		_I2C_tx        		CODE           	1A51	0000	12
		_I2C_start     		CODE           	1A07	0000	10
		_I2C_ack_receive		CODE           	19C6	0000	7

spi_i2c.c estimated size: 82

timer1.c
		_setT1         		CODE           	07F0	0000	12
		_intt1_1ms     		CODE           	1C72	0000	45
		_statusT1      		CODE           	1A46	0000	11
		_timer1_init   		CODE           	1A5D	0000	17

timer1.c estimated size: 85

main.c
		_main          		CODE           	043E	0000	2719
		_irq           		CODE           	1AAA	0000	29

main.c estimated size: 2748

dispLCD4vias.c
		_dispLCD_lincol		CODE           	1DBB	0000	49
		_dispLCD_dataReg		CODE           	1D8A	0000	49
		_dispLCD_instReg		CODE           	16D4	0000	127
		_dispLCD       		CODE           	1F03	0000	60
		_dispLCD_clr   		CODE           	19CD	0000	7
		_dispLCD_num   		CODE           	0687	0000	229
		_dispLCD_str   		CODE           	1F7C	0000	63
		_dispLCD_init  		CODE           	1D2A	0000	48

dispLCD4vias.c estimated size: 632

